Component: ARM Compiler 5.06 update 5 (build 528) Tool: armlink [4d35e2]

==============================================================================

Section Cross References

    main.o(i.SystemClock_Config) refers to stm32f4xx_hal_rcc.o(i.HAL_RCC_OscConfig) for HAL_RCC_OscConfig
    main.o(i.SystemClock_Config) refers to stm32f4xx_hal_rcc.o(i.HAL_RCC_ClockConfig) for HAL_RCC_ClockConfig
    main.o(i.SystemClock_Config) refers to stm32f4xx_hal_rcc.o(i.HAL_RCC_GetHCLKFreq) for HAL_RCC_GetHCLKFreq
    main.o(i.SystemClock_Config) refers to stm32f4xx_hal_cortex.o(i.HAL_SYSTICK_Config) for HAL_SYSTICK_Config
    main.o(i.SystemClock_Config) refers to stm32f4xx_hal_cortex.o(i.HAL_SYSTICK_CLKSourceConfig) for HAL_SYSTICK_CLKSourceConfig
    main.o(i.SystemClock_Config) refers to stm32f4xx_hal_cortex.o(i.HAL_NVIC_SetPriority) for HAL_NVIC_SetPriority
    main.o(i.main) refers to stm32f4xx_hal.o(i.HAL_Init) for HAL_Init
    main.o(i.main) refers to main.o(i.SystemClock_Config) for SystemClock_Config
    main.o(i.main) refers to gpio.o(i.MX_GPIO_Init) for MX_GPIO_Init
    main.o(i.main) refers to dma.o(i.MX_DMA_Init) for MX_DMA_Init
    main.o(i.main) refers to adc.o(i.MX_ADC1_Init) for MX_ADC1_Init
    main.o(i.main) refers to fsmc.o(i.MX_FSMC_Init) for MX_FSMC_Init
    main.o(i.main) refers to spi.o(i.MX_SPI2_Init) for MX_SPI2_Init
    main.o(i.main) refers to adc.o(i.MX_ADC2_Init) for MX_ADC2_Init
    main.o(i.main) refers to usart.o(i.MX_UART4_Init) for MX_UART4_Init
    main.o(i.main) refers to tim.o(i.MX_TIM6_Init) for MX_TIM6_Init
    main.o(i.main) refers to glcd.o(i.LCD_Initializtion) for LCD_Initializtion
    main.o(i.main) refers to stm32f4xx_hal.o(i.HAL_Delay) for HAL_Delay
    main.o(i.main) refers to guicore.o(i.GUI_Init) for GUI_Init
    main.o(i.main) refers to guicore.o(i.GUI_Clear) for GUI_Clear
    main.o(i.main) refers to freertos.o(i.MX_FREERTOS_Init) for MX_FREERTOS_Init
    main.o(i.main) refers to cmsis_os.o(i.osKernelStart) for osKernelStart
    stm32f4xx_hal_msp.o(i.HAL_MspInit) refers to stm32f4xx_hal_cortex.o(i.HAL_NVIC_SetPriorityGrouping) for HAL_NVIC_SetPriorityGrouping
    stm32f4xx_hal_msp.o(i.HAL_MspInit) refers to stm32f4xx_hal_cortex.o(i.HAL_NVIC_SetPriority) for HAL_NVIC_SetPriority
    stm32f4xx_it.o(i.ADC_IRQHandler) refers to stm32f4xx_hal_adc.o(i.HAL_ADC_IRQHandler) for HAL_ADC_IRQHandler
    stm32f4xx_it.o(i.ADC_IRQHandler) refers to adc.o(.bss) for hadc1
    stm32f4xx_it.o(i.DMA2_Stream0_IRQHandler) refers to stm32f4xx_hal_dma.o(i.HAL_DMA_IRQHandler) for HAL_DMA_IRQHandler
    stm32f4xx_it.o(i.DMA2_Stream0_IRQHandler) refers to adc.o(.bss) for hdma_adc1
    stm32f4xx_it.o(i.EXTI9_5_IRQHandler) refers to stm32f4xx_hal_gpio.o(i.HAL_GPIO_EXTI_IRQHandler) for HAL_GPIO_EXTI_IRQHandler
    stm32f4xx_it.o(i.SysTick_Handler) refers to stm32f4xx_hal.o(i.HAL_IncTick) for HAL_IncTick
    stm32f4xx_it.o(i.SysTick_Handler) refers to cmsis_os.o(i.osSystickHandler) for osSystickHandler
    stm32f4xx_it.o(i.TIM6_DAC_IRQHandler) refers to stm32f4xx_hal_gpio.o(i.HAL_GPIO_TogglePin) for HAL_GPIO_TogglePin
    stm32f4xx_it.o(i.TIM6_DAC_IRQHandler) refers to stm32f4xx_it.o(.data) for .data
    freertos.o(i.MX_FREERTOS_Init) refers to memmovea.o(.text) for __aeabi_memcpy4
    freertos.o(i.MX_FREERTOS_Init) refers to cmsis_os.o(i.osThreadCreate) for osThreadCreate
    freertos.o(i.MX_FREERTOS_Init) refers to freertos.o(.constdata) for .constdata
    freertos.o(i.MX_FREERTOS_Init) refers to freertos.o(.data) for .data
    freertos.o(i.StartDefaultTask) refers to cmsis_os.o(i.osDelay) for osDelay
    freertos.o(i.StartTButtonTask) refers to gui_alloc_alloczero.o(i.GUI_ALLOC_AllocZero) for GUI_ALLOC_AllocZero
    freertos.o(i.StartTButtonTask) refers to guialloc.o(i.GUI_ALLOC_h2p) for GUI_ALLOC_h2p
    freertos.o(i.StartTButtonTask) refers to guidemo_touch.o(i._ExecCalibration) for _ExecCalibration
    freertos.o(i.StartTButtonTask) refers to button_create.o(i.BUTTON_Create) for BUTTON_Create
    freertos.o(i.StartTButtonTask) refers to button.o(i.BUTTON_SetText) for BUTTON_SetText
    freertos.o(i.StartTButtonTask) refers to listbox_create.o(i.LISTBOX_Create) for LISTBOX_Create
    freertos.o(i.StartTButtonTask) refers to listbox_font.o(i.LISTBOX_SetFont) for LISTBOX_SetFont
    freertos.o(i.StartTButtonTask) refers to scrollbar_create.o(i.SCROLLBAR_CreateAttached) for SCROLLBAR_CreateAttached
    freertos.o(i.StartTButtonTask) refers to wm_getdesktopwindow.o(i.WM_GetDesktopWindow) for WM_GetDesktopWindow
    freertos.o(i.StartTButtonTask) refers to radio_create.o(i.RADIO_Create) for RADIO_Create
    freertos.o(i.StartTButtonTask) refers to radio_setbkcolor.o(i.RADIO_SetBkColor) for RADIO_SetBkColor
    freertos.o(i.StartTButtonTask) refers to radio_setfont.o(i.RADIO_SetFont) for RADIO_SetFont
    freertos.o(i.StartTButtonTask) refers to radio_settext.o(i.RADIO_SetText) for RADIO_SetText
    freertos.o(i.StartTButtonTask) refers to radio.o(i.RADIO_SetValue) for RADIO_SetValue
[...]
    0x08003460   0x08003460   0x00000014   Code   RO         6505    i.GUI_SetBkColor    uCGUI.lib(gui_setcolor.o)
    0x08003474   0x08003474   0x00000014   Code   RO         6506    i.GUI_SetColor      uCGUI.lib(gui_setcolor.o)
    0x08003488   0x08003488   0x00000018   Code   RO         9007    i.GUI_SetDrawMode   uCGUI.lib(gui_setdrawmode.o)
    0x080034a0   0x080034a0   0x00000020   Code   RO         6523    i.GUI_SetFont       uCGUI.lib(gui_setfont.o)
    0x080034c0   0x080034c0   0x0000001c   Code   RO        10808    i.GUI_SetLineStyle  uCGUI.lib(gui_setlinestyle.o)
    0x080034dc   0x080034dc   0x0000001c   Code   RO         6460    i.GUI_SetPenSize    uCGUI.lib(gui_pen.o)
    0x080034f8   0x080034f8   0x00000020   Code   RO         6535    i.GUI_SetTextAlign  uCGUI.lib(gui_settextalign.o)
    0x08003518   0x08003518   0x00000020   Code   RO         9019    i.GUI_SetTextMode   uCGUI.lib(gui_settextmode.o)
    0x08003538   0x08003538   0x00000010   Code   RO         6408    i.GUI_StoreKey      uCGUI.lib(gui_onkey.o)
    0x08003548   0x08003548   0x00000080   Code   RO         6570    i.GUI_TOUCH_Calibrate  uCGUI.lib(gui_touch_driveranalog.o)
    0x080035c8   0x080035c8   0x000000f0   Code   RO         6571    i.GUI_TOUCH_Exec    uCGUI.lib(gui_touch_driveranalog.o)
    0x080036b8   0x080036b8   0x0000001c   Code   RO         6547    i.GUI_TOUCH_GetState  uCGUI.lib(gui_touch.o)
    0x080036d4   0x080036d4   0x0000000c   Code   RO         6573    i.GUI_TOUCH_GetxPhys  uCGUI.lib(gui_touch_driveranalog.o)
    0x080036e0   0x080036e0   0x0000000c   Code   RO         6574    i.GUI_TOUCH_GetyPhys  uCGUI.lib(gui_touch_driveranalog.o)
    0x080036ec   0x080036ec   0x00000028   Code   RO         5540    i.GUI_TOUCH_Measure  gui_x_touch.o
    0x08003714   0x08003714   0x00000018   Code   RO         6575    i.GUI_TOUCH_SetDefaultCalibration  uCGUI.lib(gui_touch_driveranalog.o)
    0x0800372c   0x0800372c   0x00000030   Code   RO        10820    i.GUI_TOUCH_StoreState  uCGUI.lib(gui_touch_storestate.o)
    0x0800375c   0x0800375c   0x00000024   Code   RO         6548    i.GUI_TOUCH_StoreStateEx  uCGUI.lib(gui_touch.o)
    0x08003780   0x08003780   0x0000004c   Code   RO         9032    i.GUI_TOUCH_StoreUnstable  uCGUI.lib(gui_touch_storeunstable.o)
    0x080037cc   0x080037cc   0x00000028   Code   RO         9055    i.GUI_UC__GetCharCodeInc  uCGUI.lib(gui_uc.o)
    0x080037f4   0x080037f4   0x00000030   Code   RO         9057    i.GUI_UC__NumChars2NumBytes  uCGUI.lib(gui_uc.o)
    0x08003824   0x08003824   0x00000032   Code   RO        11048    i.GUI_USAGE_AddRect  uCGUI.lib(guidev_usage.o)
    0x08003856   0x08003856   0x00000098   Code   RO        11072    i.GUI_USAGE_BM_AddHLine  uCGUI.lib(guidev_usagebm.o)
    0x080038ee   0x080038ee   0x00000030   Code   RO        11073    i.GUI_USAGE_BM_AddPixel  uCGUI.lib(guidev_usagebm.o)
    0x0800391e   0x0800391e   0x0000001a   Code   RO        11074    i.GUI_USAGE_BM_Clear  uCGUI.lib(guidev_usagebm.o)
    0x08003938   0x08003938   0x00000070   Code   RO        11075    i.GUI_USAGE_BM_Create  uCGUI.lib(guidev_usagebm.o)
    0x080039a8   0x080039a8   0x000000d2   Code   RO        11076    i.GUI_USAGE_BM_GetNextDirty  uCGUI.lib(guidev_usagebm.o)
    0x08003a7a   0x08003a7a   0x00000026   Code   RO        11049    i.GUI_USAGE_DecUseCnt  uCGUI.lib(guidev_usage.o)
    0x08003aa0   0x08003aa0   0x00000018   Code   RO         9247    i.GUI_Unlock        uCGUI.lib(guitask.o)
    0x08003ab8   0x08003ab8   0x00000004   Code   RO         5600    i.GUI_X_Delay       gui_x_ucos.o
    0x08003abc   0x08003abc   0x00000004   Code   RO         5604    i.GUI_X_GetTaskId   gui_x_ucos.o
    0x08003ac0   0x08003ac0   0x00000004   Code   RO         5605    i.GUI_X_GetTime     gui_x_ucos.o
    0x08003ac4   0x08003ac4   0x00000018   Code   RO         5606    i.GUI_X_Init        gui_x_ucos.o
    0x08003adc   0x08003adc   0x00000024   Code   RO         5607    i.GUI_X_InitOS      gui_x_ucos.o
    0x08003b00   0x08003b00   0x00000010   Code   RO         5608    i.GUI_X_Lock        gui_x_ucos.o
    0x08003b10   0x08003b10   0x0000000c   Code   RO         5612    i.GUI_X_Unlock      gui_x_ucos.o
    0x08003b1c   0x08003b1c   0x000000c8   Code   RO         9138    i.GUI__DispLine     uCGUI.lib(guicharline.o)
    0x08003be4   0x08003be4   0x0000017c   Code   RO         6261    i.GUI__DispStringInRect  uCGUI.lib(gui_dispstringinrect.o)
    0x08003d60   0x08003d60   0x0000001a   Code   RO        10700    i.GUI__DivideRound  uCGUI.lib(gui__divideround.o)
    0x08003d7a   0x08003d7a   0x00000002   PAD
    0x08003d7c   0x08003d7c   0x00000014   Code   RO        10712    i.GUI__GetFontSizeY  uCGUI.lib(gui__getfontsizey.o)
    0x08003d90   0x08003d90   0x00000044   Code   RO         9139    i.GUI__GetLineDistX  uCGUI.lib(guicharline.o)
    0x08003dd4   0x08003dd4   0x00000044   Code   RO         9140    i.GUI__GetLineNumChars  uCGUI.lib(guicharline.o)
    0x08003e18   0x08003e18   0x00000018   Code   RO         8615    i.GUI__HandleEOLine  uCGUI.lib(gui__handleeoline.o)
    0x08003e30   0x08003e30   0x00000042   Code   RO         8627    i.GUI__IntersectRect  uCGUI.lib(gui__intersectrect.o)
    0x08003e72   0x08003e72   0x00000090   Code   RO         8639    i.GUI__IntersectRects  uCGUI.lib(gui__intersectrects.o)
    0x08003f02   0x08003f02   0x00000022   Code   RO         8663    i.GUI__ReduceRect   uCGUI.lib(gui__reducerect.o)
    0x08003f24   0x08003f24   0x00000050   Code   RO         8675    i.GUI__SetText      uCGUI.lib(gui__settext.o)
    0x08003f74   0x08003f74   0x00000054   Code   RO         8651    i.GUI__memset       uCGUI.lib(gui__memset.o)
    0x08003fc8   0x08003fc8   0x0000004e   Code   RO        11487    i.GUI__memset16     uCGUI.lib(gui__memset16.o)
    0x08004016   0x08004016   0x00000002   PAD
    0x08004018   0x08004018   0x00000034   Code   RO        10724    i.GUI__strcmp       uCGUI.lib(gui__strcmp.o)
    0x0800404c   0x0800404c   0x0000001c   Code   RO        10725    i.GUI__strcmp_hp    uCGUI.lib(gui__strcmp.o)
    0x08004068   0x08004068   0x00000016   Code   RO         8687    i.GUI__strlen       uCGUI.lib(gui__strlen.o)
    0x0800407e   0x0800407e   0x00000002   PAD
    0x08004080   0x08004080   0x00000044   Code   RO         5808    i.Graph_Init        ucgui_user_graph.o
    0x080040c4   0x080040c4   0x00000002   Code   RO         3627    i.HAL_ADCEx_InjectedConvCpltCallback  stm32f4xx_hal_adc_ex.o
    0x080040c6   0x080040c6   0x00000002   PAD
    0x080040c8   0x080040c8   0x0000014c   Code   RO         2262    i.HAL_ADC_ConfigChannel  stm32f4xx_hal_adc.o
    0x08004214   0x08004214   0x00000002   Code   RO         2263    i.HAL_ADC_ConvCpltCallback  stm32f4xx_hal_adc.o
    0x08004216   0x08004216   0x00000002   Code   RO         2266    i.HAL_ADC_ErrorCallback  stm32f4xx_hal_adc.o
    0x08004218   0x08004218   0x00000006   Code   RO         2269    i.HAL_ADC_GetValue  stm32f4xx_hal_adc.o
    0x0800421e   0x0800421e   0x0000013c   Code   RO         2270    i.HAL_ADC_IRQHandler  stm32f4xx_hal_adc.o
    0x0800435a   0x0800435a   0x00000054   Code   RO         2271    i.HAL_ADC_Init      stm32f4xx_hal_adc.o
    0x080043ae   0x080043ae   0x00000002   Code   RO         2272    i.HAL_ADC_LevelOutOfWindowCallback  stm32f4xx_hal_adc.o
    0x080043b0   0x080043b0   0x000000d4   Code   RO          742    i.HAL_ADC_MspInit   adc.o
    0x08004484   0x08004484   0x000000a2   Code   RO         2275    i.HAL_ADC_PollForConversion  stm32f4xx_hal_adc.o
    0x08004526   0x08004526   0x00000002   PAD
    0x08004528   0x08004528   0x000000bc   Code   RO         2277    i.HAL_ADC_Start     stm32f4xx_hal_adc.o
    0x080045e4   0x080045e4   0x000001a0   Code   RO         3264    i.HAL_DMA_IRQHandler  stm32f4xx_hal_dma.o
    0x08004784   0x08004784   0x000000d4   Code   RO         3265    i.HAL_DMA_Init      stm32f4xx_hal_dma.o
    0x08004858   0x08004858   0x0000001c   Code   RO         4262    i.HAL_Delay         stm32f4xx_hal.o
    0x08004874   0x08004874   0x0000006c   Code   RO          627    i.HAL_FSMC_MspInit  fsmc.o
    0x080048e0   0x080048e0   0x00000002   Code   RO         4190    i.HAL_GPIO_EXTI_Callback  stm32f4xx_hal_gpio.o
    0x080048e2   0x080048e2   0x00000002   PAD
    0x080048e4   0x080048e4   0x00000018   Code   RO         4191    i.HAL_GPIO_EXTI_IRQHandler  stm32f4xx_hal_gpio.o
    0x080048fc   0x080048fc   0x000001b0   Code   RO         4192    i.HAL_GPIO_Init     stm32f4xx_hal_gpio.o
    0x08004aac   0x08004aac   0x0000000a   Code   RO         4194    i.HAL_GPIO_ReadPin  stm32f4xx_hal_gpio.o
    0x08004ab6   0x08004ab6   0x00000008   Code   RO         4195    i.HAL_GPIO_TogglePin  stm32f4xx_hal_gpio.o
    0x08004abe   0x08004abe   0x0000000a   Code   RO         4196    i.HAL_GPIO_WritePin  stm32f4xx_hal_gpio.o
    0x08004ac8   0x08004ac8   0x0000000c   Code   RO         4268    i.HAL_GetTick       stm32f4xx_hal.o
    0x08004ad4   0x08004ad4   0x00000010   Code   RO         4270    i.HAL_IncTick       stm32f4xx_hal.o
    0x08004ae4   0x08004ae4   0x00000034   Code   RO         4271    i.HAL_Init          stm32f4xx_hal.o
    0x08004b18   0x08004b18   0x00000028   Code   RO         4272    i.HAL_InitTick      stm32f4xx_hal.o
    0x08004b40   0x08004b40   0x00000058   Code   RO          350    i.HAL_MspInit       stm32f4xx_hal_msp.o
    0x08004b98   0x08004b98   0x00000016   Code   RO         2127    i.HAL_NVIC_EnableIRQ  stm32f4xx_hal_cortex.o
    0x08004bae   0x08004bae   0x00000002   PAD
    0x08004bb0   0x08004bb0   0x00000040   Code   RO         2133    i.HAL_NVIC_SetPriority  stm32f4xx_hal_cortex.o
    0x08004bf0   0x08004bf0   0x00000024   Code   RO         2134    i.HAL_NVIC_SetPriorityGrouping  stm32f4xx_hal_cortex.o
    0x08004c14   0x08004c14   0x00000130   Code   RO         3968    i.HAL_RCC_ClockConfig  stm32f4xx_hal_rcc.o
    0x08004d44   0x08004d44   0x0000000c   Code   RO         3973    i.HAL_RCC_GetHCLKFreq  stm32f4xx_hal_rcc.o
    0x08004d50   0x08004d50   0x00000020   Code   RO         3975    i.HAL_RCC_GetPCLK1Freq  stm32f4xx_hal_rcc.o
    0x08004d70   0x08004d70   0x00000020   Code   RO         3976    i.HAL_RCC_GetPCLK2Freq  stm32f4xx_hal_rcc.o
    0x08004d90   0x08004d90   0x00000060   Code   RO         3977    i.HAL_RCC_GetSysClockFreq  stm32f4xx_hal_rcc.o
    0x08004df0   0x08004df0   0x000002f0   Code   RO         3980    i.HAL_RCC_OscConfig  stm32f4xx_hal_rcc.o
    0x080050e0   0x080050e0   0x00000080   Code   RO         4539    i.HAL_SPI_Init      stm32f4xx_hal_spi.o
    0x08005160   0x08005160   0x0000004c   Code   RO          814    i.HAL_SPI_MspInit   spi.o
    0x080051ac   0x080051ac   0x000001d8   Code   RO         4548    i.HAL_SPI_TransmitReceive  stm32f4xx_hal_spi.o
    0x08005384   0x08005384   0x00000056   Code   RO         4073    i.HAL_SRAM_Init     stm32f4xx_hal_sram.o
    0x080053da   0x080053da   0x00000004   Code   RO          629    i.HAL_SRAM_MspInit  fsmc.o
    0x080053de   0x080053de   0x00000018   Code   RO         2136    i.HAL_SYSTICK_CLKSourceConfig  stm32f4xx_hal_cortex.o
    0x080053f6   0x080053f6   0x00000028   Code   RO         2138    i.HAL_SYSTICK_Config  stm32f4xx_hal_cortex.o
    0x0800541e   0x0800541e   0x00000050   Code   RO         3745    i.HAL_TIMEx_MasterConfigSynchronization  stm32f4xx_hal_tim_ex.o
    0x0800546e   0x0800546e   0x00000036   Code   RO         2447    i.HAL_TIM_Base_Init  stm32f4xx_hal_tim.o
    0x080054a4   0x080054a4   0x0000003c   Code   RO          856    i.HAL_TIM_Base_MspInit  tim.o
    0x080054e0   0x080054e0   0x00000062   Code   RO         4870    i.HAL_UART_Init     stm32f4xx_hal_uart.o
    0x08005542   0x08005542   0x00000002   PAD
    0x08005544   0x08005544   0x0000004c   Code   RO          676    i.HAL_UART_MspInit  usart.o
    0x08005590   0x08005590   0x00000002   Code   RO          379    i.HardFault_Handler  stm32f4xx_it.o
    0x08005592   0x08005592   0x00000002   PAD
    0x08005594   0x08005594   0x00000014   Code   RO         9282    i.LCD_Color2Index   uCGUI.lib(lcd.o)
    0x080055a8   0x080055a8   0x0000001a   Code   RO        10682    i.LCD_Color2Index_M565  uCGUI.lib(lcdpm565.o)
    0x080055c2   0x080055c2   0x00000002   PAD
    0x080055c4   0x080055c4   0x00000240   Code   RO         9283    i.LCD_DrawBitmap    uCGUI.lib(lcd.o)
    0x08005804   0x08005804   0x0000005c   Code   RO         9284    i.LCD_DrawHLine     uCGUI.lib(lcd.o)
    0x08005860   0x08005860   0x000000e0   Code   RO         5190    i.LCD_DrawLine      glcd.o
    0x08005940   0x08005940   0x00000064   Code   RO         9285    i.LCD_DrawPixel     uCGUI.lib(lcd.o)
    0x080059a4   0x080059a4   0x0000005c   Code   RO         9385    i.LCD_DrawVLine     uCGUI.lib(lcd_drawvline.o)
    0x08005a00   0x08005a00   0x00000074   Code   RO         9286    i.LCD_FillRect      uCGUI.lib(lcd.o)
    0x08005a74   0x08005a74   0x0000000c   Code   RO        11540    i.LCD_GetBkColorIndex  uCGUI.lib(lcd_getcolorindex.o)
    0x08005a80   0x08005a80   0x0000000c   Code   RO        11541    i.LCD_GetColorIndex  uCGUI.lib(lcd_getcolorindex.o)
    0x08005a8c   0x08005a8c   0x00000006   Code   RO        10683    i.LCD_GetIndexMask_M565  uCGUI.lib(lcdpm565.o)
    0x08005a92   0x08005a92   0x00000006   Code   RO         6949    i.LCD_GetNumColors  uCGUI.lib(lcdinfo0.o)
    0x08005a98   0x08005a98   0x00000068   Code   RO         5191    i.LCD_GetPoint      glcd.o
    0x08005b00   0x08005b00   0x00000006   Code   RO         6953    i.LCD_GetXSize      uCGUI.lib(lcdinfo0.o)
    0x08005b06   0x08005b06   0x00000004   Code   RO         6955    i.LCD_GetYSize      uCGUI.lib(lcdinfo0.o)
    0x08005b0a   0x08005b0a   0x0000000c   Code   RO         9439    i.LCD_GetpPalConvTable  uCGUI.lib(lcdcolor.o)
    0x08005b16   0x08005b16   0x00000002   PAD
    0x08005b18   0x08005b18   0x00000048   Code   RO         9440    i.LCD_GetpPalConvTableUncached  uCGUI.lib(lcdcolor.o)
    0x08005b60   0x08005b60   0x00000014   Code   RO         9287    i.LCD_Index2Color   uCGUI.lib(lcd.o)
    0x08005b74   0x08005b74   0x00000038   Code   RO        10927    i.LCD_Index2Color_M565  uCGUI.lib(lcdpm565_index2color.o)
    0x08005bac   0x08005bac   0x00000034   Code   RO         9288    i.LCD_Init          uCGUI.lib(lcd.o)
    0x08005be0   0x08005be0   0x00000002   Code   RO         9441    i.LCD_InitLUT       uCGUI.lib(lcdcolor.o)
    0x08005be2   0x08005be2   0x00000002   PAD
    0x08005be4   0x08005be4   0x00001626   Code   RO         5192    i.LCD_Initializtion  glcd.o
    0x0800720a   0x0800720a   0x00000010   Code   RO         9397    i.LCD_L0_Color2Index  uCGUI.lib(lcd_l0_generic.o)
    0x0800721a   0x0800721a   0x000000c4   Code   RO         5315    i.LCD_L0_DrawBitmap  glcd_ucgui.o
    0x080072de   0x080072de   0x00000002   PAD
    0x080072e0   0x080072e0   0x0000001c   Code   RO         5316    i.LCD_L0_DrawHLine  glcd_ucgui.o
    0x080072fc   0x080072fc   0x0000001c   Code   RO         5317    i.LCD_L0_DrawVLine  glcd_ucgui.o
    0x08007318   0x08007318   0x00000022   Code   RO         5318    i.LCD_L0_FillRect   glcd_ucgui.o
    0x0800733a   0x0800733a   0x00000008   Code   RO         9398    i.LCD_L0_GetIndexMask  uCGUI.lib(lcd_l0_generic.o)
    0x08007342   0x08007342   0x00000008   Code   RO         5319    i.LCD_L0_GetPixelIndex  glcd_ucgui.o
    0x0800734a   0x0800734a   0x00000012   Code   RO         9399    i.LCD_L0_GetRect    uCGUI.lib(lcd_l0_generic.o)
    0x0800735c   0x0800735c   0x0000000c   Code   RO         9400    i.LCD_L0_Index2Color  uCGUI.lib(lcd_l0_generic.o)
    0x08007368   0x08007368   0x0000000a   Code   RO         5320    i.LCD_L0_Init       glcd_ucgui.o
    0x08007372   0x08007372   0x00000002   Code   RO         5321    i.LCD_L0_On         glcd_ucgui.o
    0x08007374   0x08007374   0x00000002   Code   RO         5322    i.LCD_L0_SetLUTEntry  glcd_ucgui.o
    0x08007376   0x08007376   0x0000000a   Code   RO         5324    i.LCD_L0_SetPixelIndex  glcd_ucgui.o
    0x08007380   0x08007380   0x00000020   Code   RO         5325    i.LCD_L0_XorPixel   glcd_ucgui.o
    0x080073a0   0x080073a0   0x00000024   Code   RO        11570    i.LCD_SelectLCD     uCGUI.lib(lcd_selectlcd.o)
    0x080073c4   0x080073c4   0x00000024   Code   RO         9289    i.LCD_SetBkColor    uCGUI.lib(lcd.o)
    0x080073e8   0x080073e8   0x00000018   Code   RO         9290    i.LCD_SetBkColorIndex  uCGUI.lib(lcd.o)
    0x08007400   0x08007400   0x00000020   Code   RO         9427    i.LCD_SetClipRectEx  uCGUI.lib(lcd_setcliprectex.o)
    0x08007420   0x08007420   0x00000014   Code   RO         9291    i.LCD_SetClipRectMax  uCGUI.lib(lcd.o)
    0x08007434   0x08007434   0x00000024   Code   RO         9292    i.LCD_SetColor      uCGUI.lib(lcd.o)
    0x08007458   0x08007458   0x00000018   Code   RO         9293    i.LCD_SetColorIndex  uCGUI.lib(lcd.o)
    0x08007470   0x08007470   0x00000034   Code   RO         5193    i.LCD_SetCursor     glcd.o
    0x080074a4   0x080074a4   0x0000002c   Code   RO         9294    i.LCD_SetDrawMode   uCGUI.lib(lcd.o)
    0x080074d0   0x080074d0   0x00000020   Code   RO         5194    i.LCD_SetPoint      glcd.o
    0x080074f0   0x080074f0   0x00000024   Code   RO        11582    i.LCD_UpdateColorIndices  uCGUI.lib(lcd_updatecolorindices.o)
    0x08007514   0x08007514   0x00000010   Code   RO         5255    i.LCD_WriteReg      glcd.o
    0x08007524   0x08007524   0x00000020   Code   RO         7500    i.LISTBOX_AddKey    uCGUI.lib(listbox.o)
    0x08007544   0x08007544   0x0000007c   Code   RO         7501    i.LISTBOX_AddString  uCGUI.lib(listbox.o)
    0x080075c0   0x080075c0   0x00000030   Code   RO         7741    i.LISTBOX_Create    uCGUI.lib(listbox_create.o)
    0x080075f0   0x080075f0   0x0000007c   Code   RO         7502    i.LISTBOX_CreateEx  uCGUI.lib(listbox.o)
    0x0800766c   0x0800766c   0x0000001a   Code   RO         7503    i.LISTBOX_DecSel    uCGUI.lib(listbox.o)
    0x08007686   0x08007686   0x00000022   Code   RO         7504    i.LISTBOX_GetSel    uCGUI.lib(listbox.o)
    0x080076a8   0x080076a8   0x00000018   Code   RO         7505    i.LISTBOX_IncSel    uCGUI.lib(listbox.o)
    0x080076c0   0x080076c0   0x00000068   Code   RO         7506    i.LISTBOX_InvalidateItem  uCGUI.lib(listbox.o)
    0x08007728   0x08007728   0x0000017c   Code   RO         7507    i.LISTBOX_OwnerDraw  uCGUI.lib(listbox.o)
    0x080078a4   0x080078a4   0x00000026   Code   RO         7760    i.LISTBOX_SetFont   uCGUI.lib(listbox_font.o)
    0x080078ca   0x080078ca   0x000000b2   Code   RO         7508    i.LISTBOX_SetSel    uCGUI.lib(listbox.o)
    0x0800797c   0x0800797c   0x0000003a   Code   RO         7509    i.LISTBOX_SetText   uCGUI.lib(listbox.o)
    0x080079b6   0x080079b6   0x00000012   Code   RO         7510    i.LISTBOX_UpdateScrollers  uCGUI.lib(listbox.o)
    0x080079c8   0x080079c8   0x0000000e   Code   RO         7511    i.LISTBOX__GetNumItems  uCGUI.lib(listbox.o)
    0x080079d6   0x080079d6   0x00000020   Code   RO         7512    i.LISTBOX__GetpString  uCGUI.lib(listbox.o)
    0x080079f6   0x080079f6   0x00000016   Code   RO         7513    i.LISTBOX__InvalidateInsideArea  uCGUI.lib(listbox.o)
    0x08007a0c   0x08007a0c   0x0000005c   Code   RO         7514    i.LISTBOX__InvalidateItem  uCGUI.lib(listbox.o)
    0x08007a68   0x08007a68   0x00000042   Code   RO         7515    i.LISTBOX__InvalidateItemAndBelow  uCGUI.lib(listbox.o)
    0x08007aaa   0x08007aaa   0x0000001c   Code   RO         7516    i.LISTBOX__InvalidateItemSize  uCGUI.lib(listbox.o)
    0x08007ac6   0x08007ac6   0x0000003c   Code   RO         7517    i.LISTBOX__SetScrollbarWidth  uCGUI.lib(listbox.o)
    0x08007b02   0x08007b02   0x00000002   PAD
    0x08007b04   0x08007b04   0x00000070   Code   RO          743    i.MX_ADC1_Init      adc.o
    0x08007b74   0x08007b74   0x00000070   Code   RO          744    i.MX_ADC2_Init      adc.o
    0x08007be4   0x08007be4   0x0000002c   Code   RO          717    i.MX_DMA_Init       dma.o
    0x08007c10   0x08007c10   0x0000003c   Code   RO          465    i.MX_FREERTOS_Init  freertos.o
    0x08007c4c   0x08007c4c   0x00000078   Code   RO          630    i.MX_FSMC_Init      fsmc.o
    0x08007cc4   0x08007cc4   0x000000e8   Code   RO          789    i.MX_GPIO_Init      gpio.o
    0x08007dac   0x08007dac   0x0000005c   Code   RO          815    i.MX_SPI2_Init      spi.o
    0x08007e08   0x08007e08   0x00000054   Code   RO          857    i.MX_TIM6_Init      tim.o
    0x08007e5c   0x08007e5c   0x0000004c   Code   RO          677    i.MX_UART4_Init     usart.o
    0x08007ea8   0x08007ea8   0x00000068   Code   RO          548    i.Measure_Mean      measure.o
    0x08007f10   0x08007f10   0x00000002   Code   RO          380    i.MemManage_Handler  stm32f4xx_it.o
    0x08007f12   0x08007f12   0x00000002   Code   RO          381    i.NMI_Handler       stm32f4xx_it.o
    0x08007f14   0x08007f14   0x00000020   Code   RO         2140    i.NVIC_SetPriority  stm32f4xx_hal_cortex.o
    0x08007f34   0x08007f34   0x00000028   Code   RO         7902    i.RADIO_AddValue    uCGUI.lib(radio.o)
    0x08007f5c   0x08007f5c   0x0000003e   Code   RO         7985    i.RADIO_Create      uCGUI.lib(radio_create.o)
    0x08007f9a   0x08007f9a   0x00000002   PAD
    0x08007f9c   0x08007f9c   0x00000100   Code   RO         7903    i.RADIO_CreateEx    uCGUI.lib(radio.o)
    0x0800809c   0x0800809c   0x00000010   Code   RO         7904    i.RADIO_Dec         uCGUI.lib(radio.o)
    0x080080ac   0x080080ac   0x00000022   Code   RO         7905    i.RADIO_GetValue    uCGUI.lib(radio.o)
    0x080080ce   0x080080ce   0x0000000e   Code   RO         7906    i.RADIO_Inc         uCGUI.lib(radio.o)
    0x080080dc   0x080080dc   0x00000042   Code   RO         7997    i.RADIO_SetBkColor  uCGUI.lib(radio_setbkcolor.o)
    0x0800811e   0x0800811e   0x00000034   Code   RO         8013    i.RADIO_SetFont     uCGUI.lib(radio_setfont.o)
    0x08008152   0x08008152   0x0000004c   Code   RO         8025    i.RADIO_SetText     uCGUI.lib(radio_settext.o)
    0x0800819e   0x0800819e   0x00000002   PAD
    0x080081a0   0x080081a0   0x0000004c   Code   RO         7907    i.RADIO_SetValue    uCGUI.lib(radio.o)
    0x080081ec   0x080081ec   0x0000002e   Code   RO         7908    i.RADIO__SetValue   uCGUI.lib(radio.o)
    0x0800821a   0x0800821a   0x00000002   PAD
    0x0800821c   0x0800821c   0x00000044   Code   RO         5444    i.RD_AD             touchpanel.o
    0x08008260   0x08008260   0x00000130   Code   RO         5445    i.Read_Ads7846      touchpanel.o
    0x08008390   0x08008390   0x00000038   Code   RO         5446    i.Read_X            touchpanel.o
    0x080083c8   0x080083c8   0x00000038   Code   RO         5447    i.Read_Y            touchpanel.o
    0x08008400   0x08008400   0x0000000c   Code   RO         8055    i.ResetNextDrawWin  uCGUI.lib(wm.o)
    0x0800840c   0x0800840c   0x00000024   Code   RO         9749    i.SCROLLBAR_AddValue  uCGUI.lib(scrollbar.o)
    0x08008430   0x08008430   0x00000042   Code   RO         8038    i.SCROLLBAR_CreateAttached  uCGUI.lib(scrollbar_create.o)
    0x08008472   0x08008472   0x00000002   PAD
    0x08008474   0x08008474   0x00000110   Code   RO         9750    i.SCROLLBAR_CreateEx  uCGUI.lib(scrollbar.o)
    0x08008584   0x08008584   0x00000010   Code   RO         9751    i.SCROLLBAR_Dec     uCGUI.lib(scrollbar.o)
    0x08008594   0x08008594   0x0000000c   Code   RO         9872    i.SCROLLBAR_GetDefaultWidth  uCGUI.lib(scrollbar_defaults.o)
    0x080085a0   0x080085a0   0x0000000e   Code   RO         9752    i.SCROLLBAR_Inc     uCGUI.lib(scrollbar.o)
    0x080085ae   0x080085ae   0x0000004c   Code   RO         9756    i.SCROLLBAR_SetValue  uCGUI.lib(scrollbar.o)
    0x080085fa   0x080085fa   0x00000026   Code   RO         9916    i.SCROLLBAR_SetWidth  uCGUI.lib(scrollbar_setwidth.o)
    0x08008620   0x08008620   0x00000020   Code   RO         9757    i.SCROLLBAR__InvalidatePartner  uCGUI.lib(scrollbar.o)
    0x08008640   0x08008640   0x00000020   Code   RO         4563    i.SPI_CheckFlag_BSY  stm32f4xx_hal_spi.o
    0x08008660   0x08008660   0x00000096   Code   RO         4581    i.SPI_WaitFlagStateUntilTimeout  stm32f4xx_hal_spi.o
    0x080086f6   0x080086f6   0x00000002   PAD
    0x080086f8   0x080086f8   0x00000528   Code   RO          467    i.StartTButtonTask  freertos.o
    0x08008c20   0x08008c20   0x0000000c   Code   RO          468    i.StartTouchTask    freertos.o
    0x08008c2c   0x08008c2c   0x00000178   Code   RO          470    i.StartVoltTask     freertos.o
    0x08008da4   0x08008da4   0x0000000e   Code   RO          382    i.SysTick_Handler   stm32f4xx_it.o
    0x08008db2   0x08008db2   0x00000002   PAD
    0x08008db4   0x08008db4   0x0000009c   Code   RO            4    i.SystemClock_Config  main.o
    0x08008e50   0x08008e50   0x00000054   Code   RO         2085    i.SystemInit        system_stm32f4xx.o
    0x08008ea4   0x08008ea4   0x0000002c   Code   RO          383    i.TIM6_DAC_IRQHandler  stm32f4xx_it.o
    0x08008ed0   0x08008ed0   0x000000c0   Code   RO         2531    i.TIM_Base_SetConfig  stm32f4xx_hal_tim.o
    0x08008f90   0x08008f90   0x0000001c   Code   RO         5449    i.TP_GetAdXY        touchpanel.o
    0x08008fac   0x08008fac   0x000002ac   Code   RO         4896    i.UART_SetConfig    stm32f4xx_hal_uart.o
    0x08009258   0x08009258   0x00000002   Code   RO          384    i.UsageFault_Handler  stm32f4xx_it.o
    0x0800925a   0x0800925a   0x00000034   Code   RO         9928    i.WIDGET_AndState   uCGUI.lib(widget.o)
    0x0800928e   0x0800928e   0x00000010   Code   RO        11198    i.WIDGET_EFFECT_3D_DrawUp  uCGUI.lib(widget_effect_3d.o)
    0x0800929e   0x0800929e   0x00000002   PAD
    0x080092a0   0x080092a0   0x0000000c   Code   RO         9929    i.WIDGET_GetDefaultEffect  uCGUI.lib(widget.o)
    0x080092ac   0x080092ac   0x000000fa   Code   RO         9931    i.WIDGET_HandleActive  uCGUI.lib(widget.o)
    0x080093a6   0x080093a6   0x00000030   Code   RO         9932    i.WIDGET_OrState    uCGUI.lib(widget.o)
    0x080093d6   0x080093d6   0x00000026   Code   RO         9934    i.WIDGET_SetState   uCGUI.lib(widget.o)
    0x080093fc   0x080093fc   0x00000040   Code   RO        11243    i.WIDGET_SetWidth   uCGUI.lib(widget_setwidth.o)
    0x0800943c   0x0800943c   0x00000026   Code   RO         9935    i.WIDGET__DrawFocusRect  uCGUI.lib(widget.o)
    0x08009462   0x08009462   0x0000000e   Code   RO         9937    i.WIDGET__EFFECT_DrawDown  uCGUI.lib(widget.o)
    0x08009470   0x08009470   0x00000038   Code   RO         9938    i.WIDGET__EFFECT_DrawDownRect  uCGUI.lib(widget.o)
    0x080094a8   0x080094a8   0x0000002e   Code   RO         9939    i.WIDGET__EFFECT_DrawUpRect  uCGUI.lib(widget.o)
    0x080094d6   0x080094d6   0x00000024   Code   RO         9940    i.WIDGET__FillRectEx  uCGUI.lib(widget.o)
    0x080094fa   0x080094fa   0x00000024   Code   RO         9941    i.WIDGET__GetBkColor  uCGUI.lib(widget.o)
    0x0800951e   0x0800951e   0x00000036   Code   RO         9942    i.WIDGET__GetClientRect  uCGUI.lib(widget.o)
    0x08009554   0x08009554   0x0000001c   Code   RO         9943    i.WIDGET__GetInsideRect  uCGUI.lib(widget.o)
    0x08009570   0x08009570   0x00000024   Code   RO         9945    i.WIDGET__GetXSize  uCGUI.lib(widget.o)
    0x08009594   0x08009594   0x00000024   Code   RO         9946    i.WIDGET__GetYSize  uCGUI.lib(widget.o)
    0x080095b8   0x080095b8   0x00000014   Code   RO         9947    i.WIDGET__Init      uCGUI.lib(widget.o)
    0x080095cc   0x080095cc   0x0000002a   Code   RO         9948    i.WIDGET__RotateRect90  uCGUI.lib(widget.o)
    0x080095f6   0x080095f6   0x00000032   Code   RO         9949    i.WIDGET__SetScrollState  uCGUI.lib(widget.o)
    0x08009628   0x08009628   0x0000000c   Code   RO         8056    i.WM_Activate       uCGUI.lib(wm.o)
    0x08009634   0x08009634   0x00000050   Code   RO        10159    i.WM_BringToBottom  uCGUI.lib(wm_bringtobottom.o)
    0x08009684   0x08009684   0x00000014   Code   RO         8363    i.WM_BringToTop     uCGUI.lib(wm_bringtotop.o)
    0x08009698   0x08009698   0x00000020   Code   RO        10171    i.WM_CheckScrollBounds  uCGUI.lib(wm_checkscrollpos.o)
    0x080096b8   0x080096b8   0x0000003c   Code   RO        10486    i.WM_ClrHasTrans    uCGUI.lib(wm_settrans.o)
    0x080096f4   0x080096f4   0x0000002c   Code   RO         8057    i.WM_CreateWindow   uCGUI.lib(wm.o)
    0x08009720   0x08009720   0x0000012c   Code   RO         8058    i.WM_CreateWindowAsChild  uCGUI.lib(wm.o)
    0x0800984c   0x0800984c   0x0000001c   Code   RO         8059    i.WM_Deactivate     uCGUI.lib(wm.o)
    0x08009868   0x08009868   0x00000066   Code   RO         8060    i.WM_DefaultProc    uCGUI.lib(wm.o)
    0x080098ce   0x080098ce   0x00000002   PAD
    0x080098d0   0x080098d0   0x000000cc   Code   RO         8061    i.WM_DeleteWindow   uCGUI.lib(wm.o)
    0x0800999c   0x0800999c   0x00000014   Code   RO         8062    i.WM_Exec           uCGUI.lib(wm.o)
    0x080099b0   0x080099b0   0x0000005c   Code   RO         8063    i.WM_Exec1          uCGUI.lib(wm.o)
    0x08009a0c   0x08009a0c   0x0000001c   Code   RO        10213    i.WM_ForEachDesc    uCGUI.lib(wm_foreachdesc.o)
    0x08009a28   0x08009a28   0x0000001c   Code   RO        10225    i.WM_GetBkColor     uCGUI.lib(wm_getbkcolor.o)
    0x08009a44   0x08009a44   0x00000034   Code   RO        10237    i.WM_GetClientRect  uCGUI.lib(wm_getclientrect.o)
    0x08009a78   0x08009a78   0x00000024   Code   RO        10238    i.WM_GetClientRectEx  uCGUI.lib(wm_getclientrect.o)
    0x08009a9c   0x08009a9c   0x0000000c   Code   RO         8390    i.WM_GetDesktopWindow  uCGUI.lib(wm_getdesktopwindow.o)
    0x08009aa8   0x08009aa8   0x00000020   Code   RO        10255    i.WM_GetDialogItem  uCGUI.lib(wm_getdialogitem.o)
    0x08009ac8   0x08009ac8   0x0000001c   Code   RO        10272    i.WM_GetFirstChild  uCGUI.lib(wm_getfirstchild.o)
    0x08009ae4   0x08009ae4   0x0000001c   Code   RO        11333    i.WM_GetFlags       uCGUI.lib(wm_getflags.o)
    0x08009b00   0x08009b00   0x00000022   Code   RO        10487    i.WM_GetHasTrans    uCGUI.lib(wm_settrans.o)
    0x08009b22   0x08009b22   0x00000014   Code   RO        11345    i.WM_GetId          uCGUI.lib(wm_getid.o)
    0x08009b36   0x08009b36   0x00000002   PAD
    0x08009b38   0x08009b38   0x00000018   Code   RO        10284    i.WM_GetInsideRect  uCGUI.lib(wm_getinsiderect.o)
    0x08009b50   0x08009b50   0x00000016   Code   RO        10285    i.WM_GetInsideRectEx  uCGUI.lib(wm_getinsiderect.o)
    0x08009b66   0x08009b66   0x000000be   Code   RO        10302    i.WM_GetInsideRectExScrollbar  uCGUI.lib(wm_getinsiderectexscrollbar.o)
    0x08009c24   0x08009c24   0x0000001c   Code   RO        10314    i.WM_GetParent      uCGUI.lib(wm_getparent.o)
    0x08009c40   0x08009c40   0x0000002a   Code   RO        11357    i.WM_GetScrollPartner  uCGUI.lib(wm_getscrollpartner.o)
    0x08009c6a   0x08009c6a   0x00000016   Code   RO        10344    i.WM_GetScrollState  uCGUI.lib(wm_getscrollstate.o)
    0x08009c80   0x08009c80   0x0000000e   Code   RO        10326    i.WM_GetScrollbarH  uCGUI.lib(wm_getscrollbar.o)
    0x08009c8e   0x08009c8e   0x0000000e   Code   RO        10327    i.WM_GetScrollbarV  uCGUI.lib(wm_getscrollbar.o)
    0x08009c9c   0x08009c9c   0x00000028   Code   RO        11370    i.WM_GetWindowRectEx  uCGUI.lib(wm_getwindowrect.o)
    0x08009cc4   0x08009cc4   0x00000164   Code   RO        10534    i.WM_HandlePID      uCGUI.lib(wmtouch.o)
    0x08009e28   0x08009e28   0x00000018   Code   RO        11387    i.WM_HasCaptured    uCGUI.lib(wm_hascaptured.o)
    0x08009e40   0x08009e40   0x00000038   Code   RO         8406    i.WM_HideWindow     uCGUI.lib(wm_hide.o)
    0x08009e78   0x08009e78   0x0000009c   Code   RO         8065    i.WM_Init           uCGUI.lib(wm.o)
    0x08009f14   0x08009f14   0x00000030   Code   RO         8066    i.WM_InvalidateArea  uCGUI.lib(wm.o)
    0x08009f44   0x08009f44   0x00000070   Code   RO         8067    i.WM_InvalidateRect  uCGUI.lib(wm.o)
    0x08009fb4   0x08009fb4   0x0000000e   Code   RO         8068    i.WM_InvalidateWindow  uCGUI.lib(wm.o)
    0x08009fc2   0x08009fc2   0x00000030   Code   RO         8430    i.WM_InvalidateWindowDescs  uCGUI.lib(wm_show.o)
    0x08009ff2   0x08009ff2   0x00000020   Code   RO        10391    i.WM_IsFocussable   uCGUI.lib(wm_isfocussable.o)
    0x0800a012   0x0800a012   0x00000028   Code   RO         8418    i.WM_IsVisible      uCGUI.lib(wm_isvisible.o)
    0x0800a03a   0x0800a03a   0x00000018   Code   RO        11399    i.WM_IsWindow       uCGUI.lib(wm_iswindow.o)
    0x0800a052   0x0800a052   0x0000001c   Code   RO        11631    i.WM_MoveWindow     uCGUI.lib(wm_move.o)
    0x0800a06e   0x0800a06e   0x00000016   Code   RO        10403    i.WM_NotifyParent   uCGUI.lib(wm_notifyparent.o)
    0x0800a084   0x0800a084   0x00000040   Code   RO        10415    i.WM_OnKey          uCGUI.lib(wm_onkey.o)
    0x0800a0c4   0x0800a0c4   0x00000010   Code   RO        11452    i.WM_ReleaseCapture  uCGUI.lib(wm_setcapture.o)
    0x0800a0d4   0x0800a0d4   0x000000f2   Code   RO        11665    i.WM_ResizeWindow   uCGUI.lib(wm_resizewindow.o)
    0x0800a1c6   0x0800a1c6   0x00000002   PAD
    0x0800a1c8   0x0800a1c8   0x00000028   Code   RO        11411    i.WM_Screen2hWin    uCGUI.lib(wm_screen2win.o)
    0x0800a1f0   0x0800a1f0   0x00000044   Code   RO         8069    i.WM_SelectWindow   uCGUI.lib(wm.o)
    0x0800a234   0x0800a234   0x00000028   Code   RO         8070    i.WM_SendMessage    uCGUI.lib(wm.o)
    0x0800a25c   0x0800a25c   0x00000018   Code   RO        11440    i.WM_SendMessageNoPara  uCGUI.lib(wm_sendmessagenopara.o)
    0x0800a274   0x0800a274   0x00000028   Code   RO        10427    i.WM_SendToParent   uCGUI.lib(wm_sendtoparent.o)
    0x0800a29c   0x0800a29c   0x00000030   Code   RO        11453    i.WM_SetCapture     uCGUI.lib(wm_setcapture.o)
    0x0800a2cc   0x0800a2cc   0x00000014   Code   RO         8071    i.WM_SetDefault     uCGUI.lib(wm.o)
    0x0800a2e0   0x0800a2e0   0x000000b0   Code   RO        10439    i.WM_SetFocus       uCGUI.lib(wm_setfocus.o)
    0x0800a390   0x0800a390   0x0000003c   Code   RO        10488    i.WM_SetHasTrans    uCGUI.lib(wm_settrans.o)
    0x0800a3cc   0x0800a3cc   0x0000001c   Code   RO        11475    i.WM_SetScrollState  uCGUI.lib(wm_setscrollstate.o)
    0x0800a3e8   0x0800a3e8   0x00000016   Code   RO        10173    i.WM_SetScrollValue  uCGUI.lib(wm_checkscrollpos.o)
    0x0800a3fe   0x0800a3fe   0x0000001c   Code   RO        10451    i.WM_SetScrollbarH  uCGUI.lib(wm_setscrollbar.o)
    0x0800a41a   0x0800a41a   0x0000001c   Code   RO        10452    i.WM_SetScrollbarV  uCGUI.lib(wm_setscrollbar.o)
    0x0800a436   0x0800a436   0x00000062   Code   RO        10510    i.WM_SetTransState  uCGUI.lib(wm_settransstate.o)
    0x0800a498   0x0800a498   0x00000020   Code   RO        10522    i.WM_SetUserClipRect  uCGUI.lib(wm_setusercliprect.o)
    0x0800a4b8   0x0800a4b8   0x0000004a   Code   RO        11699    i.WM_SetXSize       uCGUI.lib(wm_setxsize.o)
    0x0800a502   0x0800a502   0x0000004a   Code   RO        11711    i.WM_SetYSize       uCGUI.lib(wm_setysize.o)
    0x0800a54c   0x0800a54c   0x00000030   Code   RO         8431    i.WM_ShowWindow     uCGUI.lib(wm_show.o)
    0x0800a57c   0x0800a57c   0x00000050   Code   RO         8072    i.WM__ActivateClipRect  uCGUI.lib(wm.o)
    0x0800a5cc   0x0800a5cc   0x00000010   Code   RO        10195    i.WM__AddCriticalHandle  uCGUI.lib(wm_criticalhandle.o)
    0x0800a5dc   0x0800a5dc   0x00000016   Code   RO         8073    i.WM__Client2Screen  uCGUI.lib(wm.o)
    0x0800a5f2   0x0800a5f2   0x00000044   Code   RO         8074    i.WM__ClipAtParentBorders  uCGUI.lib(wm.o)
    0x0800a636   0x0800a636   0x00000024   Code   RO         8075    i.WM__DetachWindow  uCGUI.lib(wm.o)
    0x0800a65a   0x0800a65a   0x0000003c   Code   RO        11255    i.WM__ForEachDesc   uCGUI.lib(wm__foreachdesc.o)
    0x0800a696   0x0800a696   0x0000001c   Code   RO         8076    i.WM__GetClientRectWin  uCGUI.lib(wm.o)
    0x0800a6b2   0x0800a6b2   0x00000020   Code   RO        11594    i.WM__GetFirstSibling  uCGUI.lib(wm__getfirstsibling.o)
    0x0800a6d2   0x0800a6d2   0x0000000a   Code   RO         8077    i.WM__GetInvalidRectAbs  uCGUI.lib(wm.o)
    0x0800a6dc   0x0800a6dc   0x00000084   Code   RO         8078    i.WM__GetNextIVR    uCGUI.lib(wm.o)
    0x0800a760   0x0800a760   0x00000036   Code   RO        11267    i.WM__GetPrevSibling  uCGUI.lib(wm__getprevsibling.o)
    0x0800a796   0x0800a796   0x00000002   PAD
    0x0800a798   0x0800a798   0x0000010c   Code   RO         8079    i.WM__InitIVRSearch  uCGUI.lib(wm.o)
    0x0800a8a4   0x0800a8a4   0x00000092   Code   RO         8080    i.WM__InsertWindowIntoList  uCGUI.lib(wm.o)
    0x0800a936   0x0800a936   0x00000010   Code   RO         8081    i.WM__InvalidateAreaBelow  uCGUI.lib(wm.o)
    0x0800a946   0x0800a946   0x00000036   Code   RO        11279    i.WM__IsAncestor    uCGUI.lib(wm__isancestor.o)
    0x0800a97c   0x0800a97c   0x0000001a   Code   RO        10147    i.WM__IsEnabled     uCGUI.lib(wm__isenabled.o)
    0x0800a996   0x0800a996   0x00000002   PAD
    0x0800a998   0x0800a998   0x00000030   Code   RO        10535    i.WM__IsInModalArea  uCGUI.lib(wmtouch.o)
    0x0800a9c8   0x0800a9c8   0x00000032   Code   RO        11413    i.WM__IsInWindow    uCGUI.lib(wm_screen2win.o)
    0x0800a9fa   0x0800a9fa   0x00000002   PAD
    0x0800a9fc   0x0800a9fc   0x0000002c   Code   RO         8082    i.WM__IsWindow      uCGUI.lib(wm.o)
    0x0800aa28   0x0800aa28   0x0000005e   Code   RO        11633    i.WM__MoveWindow    uCGUI.lib(wm_move.o)
    0x0800aa86   0x0800aa86   0x00000002   PAD
    0x0800aa88   0x0800aa88   0x00000038   Code   RO         8083    i.WM__PaintWinAndOverlays  uCGUI.lib(wm.o)
    0x0800aac0   0x0800aac0   0x00000026   Code   RO         8084    i.WM__RectIsNZ      uCGUI.lib(wm.o)
    0x0800aae6   0x0800aae6   0x00000002   PAD
    0x0800aae8   0x0800aae8   0x00000028   Code   RO        11454    i.WM__ReleaseCapture  uCGUI.lib(wm_setcapture.o)
    0x0800ab10   0x0800ab10   0x00000044   Code   RO        10196    i.WM__RemoveCriticalHandle  uCGUI.lib(wm_criticalhandle.o)
    0x0800ab54   0x0800ab54   0x0000003c   Code   RO         8085    i.WM__RemoveFromLinList  uCGUI.lib(wm.o)
    0x0800ab90   0x0800ab90   0x0000005e   Code   RO         8086    i.WM__RemoveWindowFromList  uCGUI.lib(wm.o)
    0x0800abee   0x0800abee   0x00000024   Code   RO        11297    i.WM__SendMessage   uCGUI.lib(wm__sendmessage.o)
    0x0800ac12   0x0800ac12   0x00000018   Code   RO        11309    i.WM__SendMessageIfEnabled  uCGUI.lib(wm__sendmessageifenabled.o)
    0x0800ac2a   0x0800ac2a   0x00000028   Code   RO        11606    i.WM__SendMessageNoPara  uCGUI.lib(wm__sendmessagenopara.o)
    0x0800ac52   0x0800ac52   0x00000016   Code   RO         8087    i.WM__SendMsgNoData  uCGUI.lib(wm.o)
    0x0800ac68   0x0800ac68   0x00000040   Code   RO        10536    i.WM__SendPIDMessage  uCGUI.lib(wmtouch.o)
    0x0800aca8   0x0800aca8   0x00000036   Code   RO        10537    i.WM__SendTouchMessage  uCGUI.lib(wmtouch.o)
    0x0800acde   0x0800acde   0x00000014   Code   RO        10453    i.WM__SetScrollbarH  uCGUI.lib(wm_setscrollbar.o)
    0x0800acf2   0x0800acf2   0x00000014   Code   RO        10454    i.WM__SetScrollbarV  uCGUI.lib(wm_setscrollbar.o)
    0x0800ad06   0x0800ad06   0x00000186   Code   RO        11321    i.WM__UpdateChildPositions  uCGUI.lib(wm__updatechildpositions.o)
    0x0800ae8c   0x0800ae8c   0x00000020   Code   RO         5451    i.WR_CMD            touchpanel.o
    0x0800aeac   0x0800aeac   0x00000024   Code   RO         6576    i._AD2X             uCGUI.lib(gui_touch_driveranalog.o)
    0x0800aed0   0x0800aed0   0x00000024   Code   RO         6577    i._AD2Y             uCGUI.lib(gui_touch_driveranalog.o)
    0x0800aef4   0x0800aef4   0x000000aa   Code   RO         7518    i._AddKey           uCGUI.lib(listbox.o)
    0x0800af9e   0x0800af9e   0x00000002   PAD
    0x0800afa0   0x0800afa0   0x00000030   Code   RO         8088    i._AddToLinList     uCGUI.lib(wm.o)
    0x0800afd0   0x0800afd0   0x000000e8   Code   RO         6658    i._Alloc            uCGUI.lib(guialloc.o)
    0x0800b0b8   0x0800b0b8   0x00000050   Code   RO         8364    i._BringToTop       uCGUI.lib(wm_bringtotop.o)
    0x0800b108   0x0800b108   0x00000022   Code   RO         7140    i._ButtonPressed    uCGUI.lib(button.o)
    0x0800b12a   0x0800b12a   0x00000030   Code   RO         7141    i._ButtonReleased   uCGUI.lib(button.o)
    0x0800b15a   0x0800b15a   0x0000005a   Code   RO         9614    i._CHECKBOX_Callback  uCGUI.lib(checkbox.o)
    0x0800b1b4   0x0800b1b4   0x00000136   Code   RO         9758    i._CalcPositions    uCGUI.lib(scrollbar.o)
    0x0800b2ea   0x0800b2ea   0x00000002   PAD
    0x0800b2ec   0x0800b2ec   0x00000068   Code   RO        10839    i._CalcRect         uCGUI.lib(guicurs.o)
    0x0800b354   0x0800b354   0x00000046   Code   RO         7519    i._CalcScrollParas  uCGUI.lib(listbox.o)
    0x0800b39a   0x0800b39a   0x00000008   Code   RO         9100    i._CalcSizeOfChar   uCGUI.lib(gui_uc_encodenone.o)
    0x0800b3a2   0x0800b3a2   0x00000040   Code   RO         5901    i._Calibrate        guidemo_touch.o
    0x0800b3e2   0x0800b3e2   0x00000036   Code   RO         7520    i._CallOwnerDraw    uCGUI.lib(listbox.o)
    0x0800b418   0x0800b418   0x00000020   Code   RO         8089    i._CheckCriticalHandles  uCGUI.lib(wm.o)
    0x0800b438   0x0800b438   0x00000014   Code   RO         6659    i._CheckInit        uCGUI.lib(guialloc.o)
    0x0800b44c   0x0800b44c   0x00000022   Code   RO         8714    i._Check_NegLong    uCGUI.lib(gui_adddecshift.o)
    0x0800b46e   0x0800b46e   0x00000002   PAD
    0x0800b470   0x0800b470   0x000000bc   Code   RO         6660    i._CreateHole       uCGUI.lib(guialloc.o)
    0x0800b52c   0x0800b52c   0x0000001e   Code   RO         7142    i._Delete           uCGUI.lib(button.o)
    0x0800b54a   0x0800b54a   0x00000022   Code   RO         8090    i._DeleteAllChildren  uCGUI.lib(wm.o)
    0x0800b56c   0x0800b56c   0x0000001c   Code   RO         8091    i._DesktopHandle2Index  uCGUI.lib(wm.o)
    0x0800b588   0x0800b588   0x00000068   Code   RO         9141    i._DispLine         uCGUI.lib(guicharline.o)
    0x0800b5f0   0x0800b5f0   0x00000026   Code   RO         5812    i._DisplayTime      ucgui_user_graph.o
    0x0800b616   0x0800b616   0x00000002   PAD
    0x0800b618   0x0800b618   0x00000064   Code   RO        10939    i._DrawBitLine16BPP_DDB  uCGUI.lib(guidev_16.o)
    0x0800b67c   0x0800b67c   0x00000148   Code   RO        10940    i._DrawBitLine1BPP  uCGUI.lib(guidev_16.o)
    0x0800b7c4   0x0800b7c4   0x000000fc   Code   RO        10941    i._DrawBitLine2BPP  uCGUI.lib(guidev_16.o)
    0x0800b8c0   0x0800b8c0   0x00000184   Code   RO        10942    i._DrawBitLine4BPP  uCGUI.lib(guidev_16.o)
    0x0800ba44   0x0800ba44   0x00000074   Code   RO        10943    i._DrawBitLine8BPP  uCGUI.lib(guidev_16.o)
    0x0800bab8   0x0800bab8   0x00000060   Code   RO        10944    i._DrawBitLine8BPP_DDB  uCGUI.lib(guidev_16.o)
    0x0800bb18   0x0800bb18   0x0000015c   Code   RO        10945    i._DrawBitmap       uCGUI.lib(guidev_16.o)
    0x0800bc74   0x0800bc74   0x0000004e   Code   RO         8772    i._DrawFocusRect    uCGUI.lib(gui_drawfocusrect.o)
    0x0800bcc2   0x0800bcc2   0x00000002   PAD
    0x0800bcc4   0x0800bcc4   0x000000e0   Code   RO         6318    i._DrawGraph        uCGUI.lib(gui_drawgraph.o)
    0x0800bda4   0x0800bda4   0x00000016   Code   RO        10946    i._DrawHLine        uCGUI.lib(guidev_16.o)
    0x0800bdba   0x0800bdba   0x00000002   PAD
    0x0800bdbc   0x0800bdbc   0x0000005c   Code   RO         8092    i._DrawNext         uCGUI.lib(wm.o)
    0x0800be18   0x0800be18   0x00000038   Code   RO         5982    i._DrawRect         uCGUI.lib(gui2dlib.o)
    0x0800be50   0x0800be50   0x00000046   Code   RO         9759    i._DrawTriangle     uCGUI.lib(scrollbar.o)
    0x0800be96   0x0800be96   0x00000002   PAD
    0x0800be98   0x0800be98   0x000000c0   Code   RO        10947    i._DrawVLine        uCGUI.lib(guidev_16.o)
    0x0800bf58   0x0800bf58   0x000000a0   Code   RO         5815    i._Draw_N           ucgui_user_graph.o
    0x0800bff8   0x0800bff8   0x00000066   Code   RO         9950    i._EffectRequiresRedraw  uCGUI.lib(widget.o)
    0x0800c05e   0x0800c05e   0x00000008   Code   RO         9101    i._Encode           uCGUI.lib(gui_uc_encodenone.o)
    0x0800c066   0x0800c066   0x00000002   Code   RO            5    i._Error_Handler    main.o
    0x0800c068   0x0800c068   0x00000230   Code   RO         5902    i._ExecCalibration  guidemo_touch.o
    0x0800c298   0x0800c298   0x000000a0   Code   RO        10948    i._FillRect         uCGUI.lib(guidev_16.o)
    0x0800c338   0x0800c338   0x00000024   Code   RO         6661    i._FindFreeHandle   uCGUI.lib(guialloc.o)
    0x0800c35c   0x0800c35c   0x00000064   Code   RO         6662    i._FindHole         uCGUI.lib(guialloc.o)
    0x0800c3c0   0x0800c3c0   0x0000017c   Code   RO         8093    i._FindNext_IVR     uCGUI.lib(wm.o)
    0x0800c53c   0x0800c53c   0x00000092   Code   RO         8094    i._Findx0           uCGUI.lib(wm.o)
    0x0800c5ce   0x0800c5ce   0x00000082   Code   RO         8095    i._Findx1           uCGUI.lib(wm.o)
    0x0800c650   0x0800c650   0x000000b0   Code   RO         8096    i._Findy1           uCGUI.lib(wm.o)
    0x0800c700   0x0800c700   0x00000078   Code   RO         6663    i._Free             uCGUI.lib(guialloc.o)
    0x0800c778   0x0800c778   0x0000000e   Code   RO         7521    i._FreeAttached     uCGUI.lib(listbox.o)
    0x0800c786   0x0800c786   0x0000000c   Code   RO        11077    i._GUI_USAGE_BM_Delete  uCGUI.lib(guidev_usagebm.o)
    0x0800c792   0x0800c792   0x0000002a   Code   RO         9760    i._GetArrowSize     uCGUI.lib(scrollbar.o)
    0x0800c7bc   0x0800c7bc   0x00000006   Code   RO         9102    i._GetCharCode      uCGUI.lib(gui_uc_encodenone.o)
    0x0800c7c2   0x0800c7c2   0x00000008   Code   RO         9103    i._GetCharSize      uCGUI.lib(gui_uc_encodenone.o)
    0x0800c7ca   0x0800c7ca   0x00000002   PAD
    0x0800c7cc   0x0800c7cc   0x00000018   Code   RO         9295    i._GetColorIndex    uCGUI.lib(lcd.o)
    0x0800c7e4   0x0800c7e4   0x0000003a   Code   RO         7522    i._GetContentsSizeX  uCGUI.lib(listbox.o)
    0x0800c81e   0x0800c81e   0x0000004a   Code   RO        10256    i._GetDialogItem    uCGUI.lib(wm_getdialogitem.o)
    0x0800c868   0x0800c868   0x00000068   Code   RO         7523    i._GetItemFromPos   uCGUI.lib(listbox.o)
    0x0800c8d0   0x0800c8d0   0x00000040   Code   RO         7524    i._GetItemPosY      uCGUI.lib(listbox.o)
    0x0800c910   0x0800c910   0x00000046   Code   RO         7525    i._GetItemSizeX     uCGUI.lib(listbox.o)
    0x0800c956   0x0800c956   0x00000046   Code   RO         7526    i._GetItemSizeY     uCGUI.lib(listbox.o)
    0x0800c99c   0x0800c99c   0x0000005a   Code   RO         7527    i._GetNumVisItems   uCGUI.lib(listbox.o)
    0x0800c9f6   0x0800c9f6   0x00000002   PAD
    0x0800c9f8   0x0800c9f8   0x00000040   Code   RO        10841    i._GetPixelIndex    uCGUI.lib(guicurs.o)
    0x0800ca38   0x0800ca38   0x00000014   Code   RO        10949    i._GetPixelIndex    uCGUI.lib(guidev_16.o)
    0x0800ca4c   0x0800ca4c   0x00000014   Code   RO         6664    i._GetSize          uCGUI.lib(guialloc.o)
    0x0800ca60   0x0800ca60   0x00000050   Code   RO         9248    i._GetTaskNo        uCGUI.lib(guitask.o)
    0x0800cab0   0x0800cab0   0x0000001a   Code   RO         7528    i._GetYSize         uCGUI.lib(listbox.o)
    0x0800caca   0x0800caca   0x00000002   PAD
    0x0800cacc   0x0800cacc   0x00000020   Code   RO         8097    i._GethDrawWin      uCGUI.lib(wm.o)
    0x0800caec   0x0800caec   0x00000010   Code   RO         6373    i._GotoX            uCGUI.lib(gui_goto.o)
    0x0800cafc   0x0800cafc   0x00000010   Code   RO         6374    i._GotoY            uCGUI.lib(gui_goto.o)
    0x0800cb0c   0x0800cb0c   0x00000060   Code   RO         6846    i._InitContext      uCGUI.lib(guicore.o)
    0x0800cb6c   0x0800cb6c   0x0000007c   Code   RO         8098    i._Invalidate1Abs   uCGUI.lib(wm.o)
    0x0800cbe8   0x0800cbe8   0x0000001c   Code   RO         8365    i._InvalidateWindowAndDescs  uCGUI.lib(wm_bringtotop.o)
    0x0800cc04   0x0800cc04   0x00000028   Code   RO         7529    i._IsAlphaNum       uCGUI.lib(listbox.o)
    0x0800cc2c   0x0800cc2c   0x0000004a   Code   RO         7530    i._IsPartiallyVis   uCGUI.lib(listbox.o)
    0x0800cc76   0x0800cc76   0x00000152   Code   RO         7531    i._LISTBOX_Callback  uCGUI.lib(listbox.o)
    0x0800cdc8   0x0800cdc8   0x00000028   Code   RO         5819    i._LabelMS          ucgui_user_graph.o
    0x0800cdf0   0x0800cdf0   0x00000014   Code   RO         5904    i._Log2Phys         guidemo_touch.o
    0x0800ce04   0x0800ce04   0x00000016   Code   RO         6578    i._Log2Phys         uCGUI.lib(gui_touch_driveranalog.o)
    0x0800ce1a   0x0800ce1a   0x00000002   PAD
    0x0800ce1c   0x0800ce1c   0x00000030   Code   RO        10843    i._Log2Phys         uCGUI.lib(guicurs.o)
    0x0800ce4c   0x0800ce4c   0x0000008a   Code   RO         7532    i._ManageAutoScroll  uCGUI.lib(listbox.o)
    0x0800ced6   0x0800ced6   0x0000000e   Code   RO         7115    i._Min              uCGUI.lib(guidev_banding.o)
    0x0800cee4   0x0800cee4   0x0000004a   Code   RO        11634    i._MoveDescendents  uCGUI.lib(wm_move.o)
    0x0800cf2e   0x0800cf2e   0x0000006c   Code   RO         7533    i._MoveSel          uCGUI.lib(listbox.o)
    0x0800cf9a   0x0800cf9a   0x0000003e   Code   RO         7534    i._NotifyOwner      uCGUI.lib(listbox.o)
    0x0800cfd8   0x0800cfd8   0x0000003e   Code   RO         7909    i._OnKey            uCGUI.lib(radio.o)
    0x0800d016   0x0800d016   0x00000048   Code   RO         9615    i._OnKey            uCGUI.lib(checkbox.o)
    0x0800d05e   0x0800d05e   0x00000042   Code   RO         9761    i._OnKey            uCGUI.lib(scrollbar.o)
    0x0800d0a0   0x0800d0a0   0x00000106   Code   RO         7535    i._OnPaint          uCGUI.lib(listbox.o)
    0x0800d1a6   0x0800d1a6   0x00000002   PAD
    0x0800d1a8   0x0800d1a8   0x000001c8   Code   RO         7910    i._OnPaint          uCGUI.lib(radio.o)
    0x0800d370   0x0800d370   0x00000034   Code   RO         9762    i._OnSetScrollState  uCGUI.lib(scrollbar.o)
    0x0800d3a4   0x0800d3a4   0x00000048   Code   RO         7143    i._OnTouch          uCGUI.lib(button.o)
    0x0800d3ec   0x0800d3ec   0x00000024   Code   RO         7536    i._OnTouch          uCGUI.lib(listbox.o)
    0x0800d410   0x0800d410   0x00000070   Code   RO         7911    i._OnTouch          uCGUI.lib(radio.o)
    0x0800d480   0x0800d480   0x00000074   Code   RO         9616    i._OnTouch          uCGUI.lib(checkbox.o)
    0x0800d4f4   0x0800d4f4   0x000000d0   Code   RO         9763    i._OnTouch          uCGUI.lib(scrollbar.o)
    0x0800d5c4   0x0800d5c4   0x00000010   Code   RO         8954    i._PID_Load         uCGUI.lib(gui_pid.o)
    0x0800d5d4   0x0800d5d4   0x0000011a   Code   RO         7144    i._Paint            uCGUI.lib(button.o)
    0x0800d6ee   0x0800d6ee   0x00000002   PAD
    0x0800d6f0   0x0800d6f0   0x00000098   Code   RO         8099    i._Paint            uCGUI.lib(wm.o)
    0x0800d788   0x0800d788   0x000001d0   Code   RO         9617    i._Paint            uCGUI.lib(checkbox.o)
    0x0800d958   0x0800d958   0x00000178   Code   RO         9764    i._Paint            uCGUI.lib(scrollbar.o)
    0x0800dad0   0x0800dad0   0x00000080   Code   RO         8100    i._Paint1           uCGUI.lib(wm.o)
    0x0800db50   0x0800db50   0x0000006c   Code   RO         8101    i._Paint1Trans      uCGUI.lib(wm.o)
    0x0800dbbc   0x0800dbbc   0x0000005c   Code   RO         8102    i._PaintTransChildren  uCGUI.lib(wm.o)
    0x0800dc18   0x0800dc18   0x00000054   Code   RO         8103    i._PaintTransTopSiblings  uCGUI.lib(wm.o)
    0x0800dc6c   0x0800dc6c   0x00000076   Code   RO         7912    i._RADIO_Callback   uCGUI.lib(radio.o)
    0x0800dce2   0x0800dce2   0x00000022   Code   RO         7913    i._ResizeRect       uCGUI.lib(radio.o)
    0x0800dd04   0x0800dd04   0x0000008e   Code   RO         9765    i._SCROLLBAR_Callback  uCGUI.lib(scrollbar.o)
    0x0800dd92   0x0800dd92   0x00000002   PAD
    0x0800dd94   0x0800dd94   0x00000020   Code   RO        10538    i._Screen2Win       uCGUI.lib(wmtouch.o)
    0x0800ddb4   0x0800ddb4   0x00000056   Code   RO        11414    i._Screen2hWin      uCGUI.lib(wm_screen2win.o)
    0x0800de0a   0x0800de0a   0x00000022   Code   RO         9766    i._ScrollbarPressed  uCGUI.lib(scrollbar.o)
    0x0800de2c   0x0800de2c   0x00000022   Code   RO         9767    i._ScrollbarReleased  uCGUI.lib(scrollbar.o)
    0x0800de4e   0x0800de4e   0x0000004c   Code   RO         7537    i._SelectByKey      uCGUI.lib(listbox.o)
    0x0800de9a   0x0800de9a   0x00000002   PAD
    0x0800de9c   0x0800de9c   0x00000048   Code   RO         8104    i._SetClipRectUserIntersect  uCGUI.lib(wm.o)
    0x0800dee4   0x0800dee4   0x00000048   Code   RO        10844    i._SetPixelIndex    uCGUI.lib(guicurs.o)
    0x0800df2c   0x0800df2c   0x00000050   Code   RO        10950    i._SetPixelIndex    uCGUI.lib(guidev_16.o)
    0x0800df7c   0x0800df7c   0x0000003e   Code   RO        10455    i._SetScrollbar     uCGUI.lib(wm_setscrollbar.o)
    0x0800dfba   0x0800dfba   0x00000002   PAD
    0x0800dfbc   0x0800dfbc   0x00000038   Code   RO         5820    i._ShowText         ucgui_user_graph.o
    0x0800dff4   0x0800dff4   0x0000000c   Code   RO         6665    i._Size2LegalSize   uCGUI.lib(guialloc.o)
    0x0800e000   0x0800e000   0x0000004c   Code   RO         6579    i._StoreUnstable    uCGUI.lib(gui_touch_driveranalog.o)
    0x0800e04c   0x0800e04c   0x00000054   Code   RO         7538    i._ToggleMultiSel   uCGUI.lib(listbox.o)
    0x0800e0a0   0x0800e0a0   0x0000000c   Code   RO         7539    i._Tolower          uCGUI.lib(listbox.o)
    0x0800e0ac   0x0800e0ac   0x00000026   Code   RO         9951    i._UpdateChildPostions  uCGUI.lib(widget.o)
    0x0800e0d2   0x0800e0d2   0x0000005a   Code   RO         7540    i._UpdateScrollPos  uCGUI.lib(listbox.o)
    0x0800e12c   0x0800e12c   0x00000010   Code   RO        11200    i._WIDGET_EFFECT_3D_DrawDown  uCGUI.lib(widget_effect_3d.o)
    0x0800e13c   0x0800e13c   0x000000d4   Code   RO        11201    i._WIDGET_EFFECT_3D_DrawDownRect  uCGUI.lib(widget_effect_3d.o)
    0x0800e210   0x0800e210   0x00000094   Code   RO        11202    i._WIDGET_EFFECT_3D_DrawUpRect  uCGUI.lib(widget_effect_3d.o)
    0x0800e2a4   0x0800e2a4   0x00000016   Code   RO        11203    i._WIDGET_EFFECT_3D_GetRect  uCGUI.lib(widget_effect_3d.o)
    0x0800e2ba   0x0800e2ba   0x0000003a   Code   RO         9768    i._WIDGET__RECT2VRECT  uCGUI.lib(scrollbar.o)
    0x0800e2f4   0x0800e2f4   0x0000003c   Code   RO        10951    i._XY2PTR           uCGUI.lib(guidev_16.o)
    0x0800e330   0x0800e330   0x0000005c   Code   RO        10952    i._XorPixel         uCGUI.lib(guidev_16.o)
    0x0800e38c   0x0800e38c   0x00000028   Code   RO        12044    i.__0sprintf        mc_w.l(printfa.o)
    0x0800e3b4   0x0800e3b4   0x0000000e   Code   RO        12177    i.__scatterload_copy  mc_w.l(handlers.o)
    0x0800e3c2   0x0800e3c2   0x00000002   Code   RO        12178    i.__scatterload_null  mc_w.l(handlers.o)
    0x0800e3c4   0x0800e3c4   0x0000000e   Code   RO        12179    i.__scatterload_zeroinit  mc_w.l(handlers.o)
    0x0800e3d2   0x0800e3d2   0x00000010   Code   RO         8366    i._cbInvalidateOne  uCGUI.lib(wm_bringtotop.o)
    0x0800e3e2   0x0800e3e2   0x00000002   PAD
    0x0800e3e4   0x0800e3e4   0x00000038   Code   RO         8105    i._cbPaintMemDev    uCGUI.lib(wm.o)
    0x0800e41c   0x0800e41c   0x00000184   Code   RO        12049    i._fp_digits        mc_w.l(printfa.o)
    0x0800e5a0   0x0800e5a0   0x000006dc   Code   RO        12050    i._printf_core      mc_w.l(printfa.o)
    0x0800ec7c   0x0800ec7c   0x00000024   Code   RO        12051    i._printf_post_padding  mc_w.l(printfa.o)
    0x0800eca0   0x0800eca0   0x0000002e   Code   RO        12052    i._printf_pre_padding  mc_w.l(printfa.o)
    0x0800ecce   0x0800ecce   0x0000000a   Code   RO        12054    i._sputc            mc_w.l(printfa.o)
    0x0800ecd8   0x0800ecd8   0x00000050   Code   RO         8106    i.cbBackWin         uCGUI.lib(wm.o)
    0x0800ed28   0x0800ed28   0x0000001c   Code   RO         5196    i.delay_ms          glcd.o
    0x0800ed44   0x0800ed44   0x0000000c   Code   RO         1512    i.inHandlerMode     cmsis_os.o
    0x0800ed50   0x0800ed50   0x00000046   Code   RO            6    i.main              main.o
    0x0800ed96   0x0800ed96   0x0000000c   Code   RO         1514    i.makeFreeRtosPriority  cmsis_os.o
    0x0800eda2   0x0800eda2   0x0000000e   Code   RO         1516    i.osDelay           cmsis_os.o
    0x0800edb0   0x0800edb0   0x0000000a   Code   RO         1519    i.osKernelStart     cmsis_os.o
    0x0800edba   0x0800edba   0x00000018   Code   RO         1520    i.osKernelSysTick   cmsis_os.o
    0x0800edd2   0x0800edd2   0x00000006   Code   RO         1534    i.osMutexCreate     cmsis_os.o
    0x0800edd8   0x0800edd8   0x00000050   Code   RO         1536    i.osMutexRelease    cmsis_os.o
    0x0800ee28   0x0800ee28   0x00000068   Code   RO         1537    i.osMutexWait       cmsis_os.o
    0x0800ee90   0x0800ee90   0x00000026   Code   RO         1545    i.osSemaphoreCreate  cmsis_os.o
    0x0800eeb6   0x0800eeb6   0x00000014   Code   RO         1552    i.osSystickHandler  cmsis_os.o
    0x0800eeca   0x0800eeca   0x0000002e   Code   RO         1553    i.osThreadCreate    cmsis_os.o
    0x0800eef8   0x0800eef8   0x00000004   Code   RO         1554    i.osThreadGetId     cmsis_os.o
    0x0800eefc   0x0800eefc   0x00000070   Code   RO         1203    i.prvAddCurrentTaskToDelayedList  tasks.o
    0x0800ef6c   0x0800ef6c   0x000000d0   Code   RO         1204    i.prvAddNewTaskToReadyList  tasks.o
    0x0800f03c   0x0800f03c   0x00000050   Code   RO         1205    i.prvCheckTasksWaitingTermination  tasks.o
    0x0800f08c   0x0800f08c   0x00000026   Code   RO         1039    i.prvCopyDataFromQueue  queue.o
    0x0800f0b2   0x0800f0b2   0x0000006c   Code   RO         1040    i.prvCopyDataToQueue  queue.o
    0x0800f11e   0x0800f11e   0x00000014   Code   RO         1206    i.prvDeleteTCB      tasks.o
    0x0800f132   0x0800f132   0x00000002   PAD
    0x0800f134   0x0800f134   0x0000004c   Code   RO          904    i.prvHeapInit       heap_4.o
    0x0800f180   0x0800f180   0x00000028   Code   RO         1207    i.prvIdleTask       tasks.o
    0x0800f1a8   0x0800f1a8   0x0000008e   Code   RO         1208    i.prvInitialiseNewTask  tasks.o
    0x0800f236   0x0800f236   0x00000002   PAD
    0x0800f238   0x0800f238   0x0000004c   Code   RO          905    i.prvInsertBlockIntoFreeList  heap_4.o
    0x0800f284   0x0800f284   0x0000001c   Code   RO         1041    i.prvIsQueueEmpty   queue.o
    0x0800f2a0   0x0800f2a0   0x00000020   Code   RO         1209    i.prvResetNextTaskUnblockTime  tasks.o
    0x0800f2c0   0x0800f2c0   0x00000028   Code   RO         1895    i.prvTaskExitError  port.o
    0x0800f2e8   0x0800f2e8   0x0000006a   Code   RO         1042    i.prvUnlockQueue    queue.o
    0x0800f352   0x0800f352   0x00000002   PAD
    0x0800f354   0x0800f354   0x000000d8   Code   RO          906    i.pvPortMalloc      heap_4.o
    0x0800f42c   0x0800f42c   0x00000018   Code   RO         1211    i.pvTaskIncrementMutexHeldCount  tasks.o
    0x0800f444   0x0800f444   0x0000002c   Code   RO         1896    i.pxPortInitialiseStack  port.o
    0x0800f470   0x0800f470   0x00000024   Code   RO          990    i.uxListRemove      list.o
    0x0800f494   0x0800f494   0x00000016   Code   RO          991    i.vListInitialise   list.o
    0x0800f4aa   0x0800f4aa   0x00000006   Code   RO          992    i.vListInitialiseItem  list.o
    0x0800f4b0   0x0800f4b0   0x00000030   Code   RO          993    i.vListInsert       list.o
    0x0800f4e0   0x0800f4e0   0x00000018   Code   RO          994    i.vListInsertEnd    list.o
    0x0800f4f8   0x0800f4f8   0x00000040   Code   RO         1898    i.vPortEnterCritical  port.o
    0x0800f538   0x0800f538   0x00000028   Code   RO         1899    i.vPortExitCritical  port.o
    0x0800f560   0x0800f560   0x0000005c   Code   RO          907    i.vPortFree         heap_4.o
    0x0800f5bc   0x0800f5bc   0x00000020   Code   RO         1900    i.vPortSetupTimerInterrupt  port.o
    0x0800f5dc   0x0800f5dc   0x00000054   Code   RO         1901    i.vPortValidateInterruptPriority  port.o
    0x0800f630   0x0800f630   0x0000004c   Code   RO         1217    i.vTaskDelay        tasks.o
    0x0800f67c   0x0800f67c   0x0000000c   Code   RO         1220    i.vTaskMissedYield  tasks.o
    0x0800f688   0x0800f688   0x00000030   Code   RO         1222    i.vTaskPlaceOnEventList  tasks.o
    0x0800f6b8   0x0800f6b8   0x00000084   Code   RO         1224    i.vTaskPriorityInherit  tasks.o
    0x0800f73c   0x0800f73c   0x00000024   Code   RO         1227    i.vTaskSetTimeOutState  tasks.o
    0x0800f760   0x0800f760   0x00000068   Code   RO         1228    i.vTaskStartScheduler  tasks.o
    0x0800f7c8   0x0800f7c8   0x00000010   Code   RO         1230    i.vTaskSuspendAll   tasks.o
    0x0800f7d8   0x0800f7d8   0x0000005c   Code   RO         1231    i.vTaskSwitchContext  tasks.o
    0x0800f834   0x0800f834   0x000000e0   Code   RO         1902    i.xPortStartScheduler  port.o
    0x0800f914   0x0800f914   0x0000002c   Code   RO         1903    i.xPortSysTickHandler  port.o
    0x0800f940   0x0800f940   0x00000024   Code   RO         1049    i.xQueueCreateMutex  queue.o
    0x0800f964   0x0800f964   0x00000048   Code   RO         1050    i.xQueueGenericCreate  queue.o
    0x0800f9ac   0x0800f9ac   0x0000016c   Code   RO         1051    i.xQueueGenericReceive  queue.o
    0x0800fb18   0x0800fb18   0x00000088   Code   RO         1052    i.xQueueGenericReset  queue.o
    0x0800fba0   0x0800fba0   0x00000160   Code   RO         1053    i.xQueueGenericSend  queue.o
    0x0800fd00   0x0800fd00   0x0000009c   Code   RO         1055    i.xQueueGiveFromISR  queue.o
    0x0800fd9c   0x0800fd9c   0x0000009a   Code   RO         1059    i.xQueueReceiveFromISR  queue.o
    0x0800fe36   0x0800fe36   0x00000002   PAD
    0x0800fe38   0x0800fe38   0x0000006c   Code   RO         1232    i.xTaskCheckForTimeOut  tasks.o
    0x0800fea4   0x0800fea4   0x00000056   Code   RO         1233    i.xTaskCreate       tasks.o
    0x0800fefa   0x0800fefa   0x00000002   PAD
    0x0800fefc   0x0800fefc   0x0000000c   Code   RO         1236    i.xTaskGetCurrentTaskHandle  tasks.o
    0x0800ff08   0x0800ff08   0x0000001c   Code   RO         1237    i.xTaskGetSchedulerState  tasks.o
    0x0800ff24   0x0800ff24   0x0000000c   Code   RO         1238    i.xTaskGetTickCount  tasks.o
    0x0800ff30   0x0800ff30   0x00000010   Code   RO         1239    i.xTaskGetTickCountFromISR  tasks.o
    0x0800ff40   0x0800ff40   0x000000c8   Code   RO         1240    i.xTaskIncrementTick  tasks.o
    0x08010008   0x08010008   0x00000098   Code   RO         1243    i.xTaskPriorityDisinherit  tasks.o
    0x080100a0   0x080100a0   0x00000074   Code   RO         1244    i.xTaskRemoveFromEventList  tasks.o
    0x08010114   0x08010114   0x000000c4   Code   RO         1246    i.xTaskResumeAll    tasks.o
    0x080101d8   0x080101d8   0x00000094   Data   RO          472    .constdata          freertos.o
    0x0801026c   0x0801026c   0x00000010   Data   RO         2086    .constdata          system_stm32f4xx.o
    0x0801027c   0x0801027c   0x00000008   Data   RO         2087    .constdata          system_stm32f4xx.o
    0x08010284   0x08010284   0x00000008   Data   RO         3271    .constdata          stm32f4xx_hal_dma.o
    0x0801028c   0x0801028c   0x0000000c   Data   RO         5616    .constdata          gui_x_ucos.o
    0x08010298   0x08010298   0x00000020   Data   RO         5821    .constdata          ucgui_user_graph.o
    0x080102b8   0x080102b8   0x00000018   Data   RO         5907    .constdata          guidemo_touch.o
    0x080102d0   0x080102d0   0x00000008   Data   RO         6848    .constdata          uCGUI.lib(guicore.o)
    0x080102d8   0x080102d8   0x00000734   Data   RO         7007    .constdata          uCGUI.lib(f6x8.o)
    0x08010a0c   0x08010a0c   0x00000868   Data   RO         7054    .constdata          uCGUI.lib(f13_1.o)
    0x08011274   0x08011274   0x00000820   Data   RO         7067    .constdata          uCGUI.lib(f13_ascii.o)
    0x08011a94   0x08011a94   0x00000df8   Data   RO         7097    .constdata          uCGUI.lib(fcomic18b_ascii.o)
    0x0801288c   0x0801288c   0x00000028   Data   RO         8715    .constdata          uCGUI.lib(gui_adddecshift.o)
    0x080128b4   0x080128b4   0x00000010   Data   RO         9104    .constdata          uCGUI.lib(gui_uc_encodenone.o)
    0x080128c4   0x080128c4   0x00000040   Data   RO         9371    .constdata          uCGUI.lib(lcd_api.o)
    0x08012904   0x08012904   0x000000b0   Data   RO         9736    .constdata          uCGUI.lib(radio_image.o)
    0x080129b4   0x080129b4   0x00000060   Data   RO        10953    .constdata          uCGUI.lib(guidev_16.o)
    0x08012a14   0x08012a14   0x00000018   Data   RO        11078    .constdata          uCGUI.lib(guidev_usagebm.o)
    0x08012a2c   0x08012a2c   0x00000068   Data   RO        11111    .constdata          uCGUI.lib(checkbox_image.o)
    0x08012a94   0x08012a94   0x00000018   Data   RO        11204    .constdata          uCGUI.lib(widget_effect_3d.o)
    0x08012aac   0x08012aac   0x00000100   Data   RO        11558    .constdata          uCGUI.lib(lcd_mirror.o)
    0x08012bac   0x08012bac   0x0000009e   Data   RO          473    .conststring        freertos.o
    0x08012c4a   0x08012c4a   0x00000002   PAD
    0x08012c4c   0x08012c4c   0x00000020   Data   RO        12175    Region$$Table       anon$$obj.o


    Execution Region RW_IRAM1 (Exec base: 0x20000000, Load base: 0x08012c6c, Size: 0x00007ab8, Max: 0x00020000, ABSOLUTE, COMPRESSED[0x0000008c])

    Exec Addr    Load Addr    Size         Type   Attr      Idx    E Section Name        Object

    0x20000000   COMPRESSED   0x00000004   Data   RW          385    .data               stm32f4xx_it.o
    0x20000004   COMPRESSED   0x0000003c   Data   RW          474    .data               freertos.o
    0x20000040   COMPRESSED   0x00000008   Data   RW          632    .data               fsmc.o
    0x20000048   COMPRESSED   0x00000018   Data   RW          912    .data               heap_4.o
    0x20000060   COMPRESSED   0x0000003c   Data   RW         1249    .data               tasks.o
    0x2000009c   COMPRESSED   0x0000000c   Data   RW         1904    .data               port.o
    0x200000a8   COMPRESSED   0x00000004   Data   RW         2088    .data               system_stm32f4xx.o
    0x200000ac   COMPRESSED   0x00000004   Data   RW         4277    .data               stm32f4xx_hal.o
    0x200000b0   COMPRESSED   0x00000004   Data   RW         5197    .data               glcd.o
    0x200000b4   COMPRESSED   0x00000012   Data   RW         5455    .data               touchpanel.o
    0x200000c6   COMPRESSED   0x00000002   PAD
    0x200000c8   COMPRESSED   0x00000004   Data   RW         5545    .data               gui_x_touch.o
    0x200000cc   COMPRESSED   0x00000014   Data   RW         5617    .data               gui_x_ucos.o
    0x200000e0   COMPRESSED   0x00000004   Data   RW         5822    .data               ucgui_user_graph.o
    0x200000e4   COMPRESSED   0x00000014   Data   RW         6410    .data               uCGUI.lib(gui_onkey.o)
    0x200000f8   COMPRESSED   0x00000020   Data   RW         6581    .data               uCGUI.lib(gui_touch_driveranalog.o)
    0x20000118   COMPRESSED   0x00000001   Data   RW         6667    .data               uCGUI.lib(guialloc.o)
    0x20000119   COMPRESSED   0x00000003   PAD
    0x2000011c   COMPRESSED   0x0000001c   Data   RW         6849    .data               uCGUI.lib(guicore.o)
    0x20000138   COMPRESSED   0x00000020   Data   RW         7145    .data               uCGUI.lib(button.o)
    0x20000158   COMPRESSED   0x00000028   Data   RW         7541    .data               uCGUI.lib(listbox.o)
    0x20000180   COMPRESSED   0x00000018   Data   RW         7914    .data               uCGUI.lib(radio.o)
    0x20000198   COMPRESSED   0x00000031   Data   RW         8108    .data               uCGUI.lib(wm.o)
    0x200001c9   COMPRESSED   0x00000003   PAD
    0x200001cc   COMPRESSED   0x00000008   Data   RW         9033    .data               uCGUI.lib(gui_touch_storeunstable.o)
    0x200001d4   COMPRESSED   0x0000000c   Data   RW         9250    .data               uCGUI.lib(guitask.o)
    0x200001e0   COMPRESSED   0x00000004   Data   RW         9372    .data               uCGUI.lib(lcd_api.o)
    0x200001e4   COMPRESSED   0x00000028   Data   RW         9618    .data               uCGUI.lib(checkbox.o)
    0x2000020c   COMPRESSED   0x00000012   Data   RW         9769    .data               uCGUI.lib(scrollbar.o)
    0x2000021e   COMPRESSED   0x00000002   PAD
    0x20000220   COMPRESSED   0x00000004   Data   RW         9952    .data               uCGUI.lib(widget.o)
    0x20000224   COMPRESSED   0x00000010   Data   RW        10539    .data               uCGUI.lib(wmtouch.o)
    0x20000234   COMPRESSED   0x00000030   Data   RW        10849    .data               uCGUI.lib(guicurs.o)
    0x20000264   COMPRESSED   0x00000004   Data   RW        11132    .data               uCGUI.lib(dialog.o)
    0x20000268        -       0x00000010   Zero   RW          471    .bss                freertos.o
    0x20000278        -       0x00000050   Zero   RW          631    .bss                fsmc.o
    0x200002c8        -       0x00000040   Zero   RW          678    .bss                usart.o
    0x20000308        -       0x000000f0   Zero   RW          745    .bss                adc.o
    0x200003f8        -       0x00000058   Zero   RW          816    .bss                spi.o
    0x20000450        -       0x0000003c   Zero   RW          858    .bss                tim.o
    0x2000048c        -       0x00003c00   Zero   RW          911    .bss                heap_4.o
    0x2000408c        -       0x000000f0   Zero   RW         1248    .bss                tasks.o
    0x2000417c        -       0x0000000c   Zero   RW         6549    .bss                uCGUI.lib(gui_touch.o)
    0x20004188        -       0x00000010   Zero   RW         6580    .bss                uCGUI.lib(gui_touch_driveranalog.o)
    0x20004198        -       0x000030f4   Zero   RW         6666    .bss                uCGUI.lib(guialloc.o)
    0x2000728c        -       0x00000060   Zero   RW         6847    .bss                uCGUI.lib(guicore.o)
    0x200072ec        -       0x00000024   Zero   RW         8107    .bss                uCGUI.lib(wm.o)
    0x20007310        -       0x0000000c   Zero   RW         8955    .bss                uCGUI.lib(gui_pid.o)
    0x2000731c        -       0x00000190   Zero   RW         9249    .bss                uCGUI.lib(guitask.o)
    0x200074ac        -       0x00000200   Zero   RW         9442    .bss                uCGUI.lib(lcdcolor.o)
    0x200076ac        -       0x0000000c   Zero   RW        10821    .bss                uCGUI.lib(gui_touch_storestate.o)
    0x200076b8        -       0x00000400   Zero   RW          894    STACK               startup_stm32f407xx.o


==============================================================================

Image component sizes


      Code (inc. data)   RO Data    RW Data    ZI Data      Debug   Object Name

       436         98          0          0        240       2464   adc.o
       370         10          0          0          0      22809   cmsis_os.o
        44          4          0          0          0        790   dma.o
      1768        130        306         60         16       9582   freertos.o
       232         42          0          8         80       2271   fsmc.o
      6126         36          0          4          0      11058   glcd.o
      1946         62          0          0          0      12588   glcd_ucgui.o
       232         16          0          0          0       1079   gpio.o
        40          8          0          4          0       1988   gui_x_touch.o
       100         26         12         20          0       4732   gui_x_ucos.o
       644         94         24          0          0       3421   guidemo_touch.o
       460         24          0         24      15360       8935   heap_4.o
       136          0          0          0          0       3658   list.o
       228          8          0          0          0     750114   main.o
       104          6          0          0          0        847   measure.o
       758         84          0         12          0      12117   port.o
      1550         14          0          0          0      22689   queue.o
       168         38          0          0         88       1689   spi.o
        36          8        392          0       1024        824   startup_stm32f407xx.o
       148         22          0          4          0       4523   stm32f4xx_hal.o
      1386         46          0          0          0       7953   stm32f4xx_hal_adc.o
         2          0          0          0          0       1021   stm32f4xx_hal_adc_ex.o
       218         14          0          0          0      31161   stm32f4xx_hal_cortex.o
       752         16          8          0          0       4172   stm32f4xx_hal_dma.o
       486         50          0          0          0       5008   stm32f4xx_hal_gpio.o
        88          0          0          0          0        542   stm32f4xx_hal_msp.o
      1228         78          0          0          0       5668   stm32f4xx_hal_rcc.o
       782          0          0          0          0       4509   stm32f4xx_hal_spi.o
        86          0          0          0          0       1248   stm32f4xx_hal_sram.o
       246         44          0          0          0       2785   stm32f4xx_hal_tim.o
        80          0          0          0          0       1332   stm32f4xx_hal_tim_ex.o
       782          8          0          0          0       2112   stm32f4xx_hal_uart.o
       116         26          0          4          0       5615   stm32f4xx_it.o
       216         12          0          0          0       2783   stm32f4xx_ll_fsmc.o
        84         18         24          4          0       1215   system_stm32f4xx.o
      2100        188          0         60        240      24668   tasks.o
       144         34          0          0         60       1622   tim.o
       570         36          0         18          0       6224   touchpanel.o
       578         50         32          4          0       7889   ucgui_user_graph.o
       152         36          0          0         64       1708   usart.o

    ----------------------------------------------------------------------
     25656       1386        832        228      17172     997413   Object Totals
         0          0         32          0          0          0   (incl. Generated)
        34          0          2          2          0          0   (incl. Padding)

    ----------------------------------------------------------------------

      Code (inc. data)   RO Data    RW Data    ZI Data      Debug   Library Member Name

        86          0          0          0          0          0   __dczerorl2.o
         0          0          0          0          0          0   entry.o
         0          0          0          0          0          0   entry10a.o
         0          0          0          0          0          0   entry11a.o
         8          4          0          0          0          0   entry2.o
         4          0          0          0          0          0   entry5.o
         0          0          0          0          0          0   entry7b.o
         0          0          0          0          0          0   entry8b.o
         8          4          0          0          0          0   entry9a.o
        30          0          0          0          0          0   handlers.o
        36          8          0          0          0         68   init.o
         0          0          0          0          0          0   iusefp.o
        30          0          0          0          0         68   llshl.o
        36          0          0          0          0         68   llsshr.o
        32          0          0          0          0         68   llushr.o
        26          0          0          0          0         80   memcmp.o
        64          0          0          0          0         76   memmovea.o
        36          0          0          0          0        108   memseta.o
      2276         86          0          0          0        520   printfa.o
        18          0          0          0          0         68   strcpy.o
        14          0          0          0          0         68   strlen.o
        44          0          0          0          0         80   uidiv.o
        98          0          0          0          0         92   uldiv.o
        48          0          0          0          0         68   cdrcmple.o
        56          0          0          0          0         88   d2f.o
       334          0          0          0          0        148   dadd.o
       222          0          0          0          0        100   ddiv.o
       186          0          0          0          0        176   depilogue.o
        48          0          0          0          0         68   dfixul.o
        26          0          0          0          0         76   dfltui.o
       228          0          0          0          0         96   dmul.o
        38          0          0          0          0         68   f2d.o
       110          0          0          0          0        168   fepilogue.o
       702          8          0         32          0      12154   button.o
        44          0          0          0          0        756   button_create.o
       914         10          0         40          0       6098   checkbox.o
        48          0          0          0          0       1366   checkbox_create.o
        32          0          0          0          0        936   checkbox_getstate.o
         0          0        104          0          0        781   checkbox_image.o
        20          0          0          0          0       1565   checkbox_ischecked.o
        66          0          0          0          0       1002   checkbox_setbkcolor.o
        40          0          0          0          0        951   checkbox_setfont.o
        46          0          0          0          0        979   checkbox_settext.o
        12          6          0          4          0        644   dialog.o
         0          0       2152          0          0       6228   f13_1.o
         0          0       2080          0          0       6767   f13_ascii.o
         0          0       1844          0          0       2142   f6x8.o
         0          0       3576          0          0       7953   fcomic18b_ascii.o
       180          6          0          0          0      29197   gui2dlib.o
        26          0          0          0          0        591   gui__divideround.o
        20          4          0          0          0        476   gui__getfontsizey.o
        24          0          0          0          0        648   gui__handleeoline.o
        66          0          0          0          0        893   gui__intersectrect.o
       144          0          0          0          0       1130   gui__intersectrects.o
        84          0          0          0          0        794   gui__memset.o
        78          0          0          0          0        800   gui__memset16.o
        34          0          0          0          0        894   gui__reducerect.o
        80          0          0          0          0        743   gui__settext.o
        80          4          0          0          0       1235   gui__strcmp.o
        22          0          0          0          0        538   gui__strlen.o
        28          0          0          0          0        600   gui_adddecmin.o
       244         14         40          0          0       3247   gui_adddecshift.o
        72          0          0          0          0        770   gui_alloc_allocinit.o
        42          0          0          0          0        594   gui_alloc_alloczero.o
       370          0          0          0          0       4817   gui_array.o
        26          0          0          0          0        834   gui_clearrectex.o
       328          4          0          0          0        969   gui_dispstring.o
        40          6          0          0          0        639   gui_dispstringat.o
       480          6          0          0          0       6793   gui_dispstringinrect.o
        38          0          0          0          0       1025   gui_draw.o
       264         10          0          0          0       1869   gui_drawbitmap.o
       198          6          0          0          0       1512   gui_drawfocusrect.o
       296         12          0          0          0       1648   gui_drawgraph.o
        96          6          0          0          0        656   gui_drawhline.o
        92          6          0          0          0        656   gui_drawvline.o
        56          4          0          0          0        987   gui_exec.o
       108          6          0          0          0        711   gui_fillrect.o
        26          0          0          0          0        829   gui_fillrectex.o
       170          0          0          0          0       1186   gui_getbitmappixelindex.o
        18          0          0          0          0        936   gui_getclientrect.o
        52          0          0          0          0       1004   gui_getcolor.o
        48          6          0          0          0        598   gui_getfontinfo.o
        20          0          0          0          0        515   gui_getfontsizey.o
        22          0          0          0          0        569   gui_getstringdistx.o
        10          0          0          0          0        529   gui_getysizeoffont.o
        66          8          0          0          0       1505   gui_goto.o
       138          0          0          0          0       1040   gui_mergerect.o
        36          0          0          0          0        863   gui_moverect.o
       104         18          0         20          0      17257   gui_onkey.o
        28          6          0          0          0        561   gui_pen.o
        80         20          0          0         12       2060   gui_pid.o
        58          0          0          0          0        977   gui_rectsintersect.o
        40          8          0          0          0       1391   gui_savecontext.o
        24          0          0          0          0        480   gui_selectlcd.o
        40          0          0          0          0       1032   gui_setcolor.o
        60          6          0          0          0        484   gui_setdefault.o
        24          0          0          0          0        574   gui_setdrawmode.o
        32          6          0          0          0        566   gui_setfont.o
        28          6          0          0          0        587   gui_setlinestyle.o
        32          4          0          0          0        571   gui_settextalign.o
        32          4          0          0          0        566   gui_settextmode.o
        64          8          0          0         12       1638   gui_touch.o
       586         72          0         32         16       6359   gui_touch_driveranalog.o
        48          6          0          0         12        627   gui_touch_storestate.o
        76         10          0          8          0        898   gui_touch_storeunstable.o
        88         10          0          0          0       1253   gui_uc.o
        30          0         16          0          0       2637   gui_uc_encodenone.o
      1020         74          0          1      12532      10002   guialloc.o
       180         20          0          0          0       2050   guichar.o
       440         24          0          0          0       3267   guicharline.o
       460         12          0          0          0       3115   guicharm.o
       394         10          0          0          0       3315   guicharp.o
       268         12          0          0          0       1333   guicirc.o
       290         32          8         28         96       6480   guicore.o
       880         62          0         48          0       5077   guicurs.o
      1106         46          0          0          0       8947   guidev.o
      2254         64         96          0          0      40872   guidev_16.o
       278          0          0          0          0       2262   guidev_banding.o
        72          6          0          0          0       1059   guidev_clear.o
        44          4          0          0          0        994   guidev_getysize.o
        56          6          0          0          0       1065   guidev_reduceysize.o
       108          4          0          0          0       1164   guidev_setorg.o
        88          0          0          0          0       1262   guidev_usage.o
       560          4         24          0          0       5222   guidev_usagebm.o
        88          0          0          0          0        820   guirealloc.o
       352         44          0         12        400       3285   guitask.o
        62          0          0          0          0       1062   guitime.o
       168          0          0          0          0       2580   guival.o
      1184         66          0          0          0       8856   lcd.o
         0          0         64          4          0        646   lcd_api.o
        92          4          0          0          0        636   lcd_drawvline.o
        24         12          0          0          0        954   lcd_getcolorindex.o
        54          0          0          0          0       2121   lcd_l0_generic.o
         0          0        256          0          0        566   lcd_mirror.o
        36         10          0          0          0        472   lcd_selectlcd.o
        32          4          0          0          0        876   lcd_setcliprectex.o
        36          4          0          0          0        497   lcd_updatecolorindices.o
        86          6          0          0        512       2374   lcdcolor.o
        16          0          0          0          0       1357   lcdinfo0.o
        32          0          0          0          0       1099   lcdpm565.o
        56          0          0          0          0        639   lcdpm565_index2color.o
      3526         10          0         40          0      32300   listbox.o
        48          0          0          0          0       1101   listbox_create.o
        38          0          0          0          0       2149   listbox_font.o
      1264         30          0         24          0      11025   radio.o
        62          0          0          0          0        855   radio_create.o
         0          0        176          0          0        989   radio_image.o
        66          0          0          0          0       1808   radio_setbkcolor.o
        52          0          0          0          0        640   radio_setfont.o
        76          0          0          0          0        728   radio_settext.o
      1838         18          0         18          0      13516   scrollbar.o
        66          0          0          0          0        711   scrollbar_create.o
        12          4          0          0          0        500   scrollbar_defaults.o
        38          0          0          0          0        633   scrollbar_setwidth.o
      1032         12          0          4          0      13114   widget.o
       414         14         24          0          0       5045   widget_effect_3d.o
        64          0          0          0          0       1138   widget_setwidth.o
      4386        294          0         49         36      34633   wm.o
        60          0          0          0          0       1018   wm__foreachdesc.o
        32          0          0          0          0        562   wm__getfirstsibling.o
        54          0          0          0          0        933   wm__getprevsibling.o
        54          0          0          0          0       1001   wm__isancestor.o
        26          0          0          0          0        552   wm__isenabled.o
        36          0          0          0          0        950   wm__sendmessage.o
        24          0          0          0          0        603   wm__sendmessageifenabled.o
        40          0          0          0          0       1020   wm__sendmessagenopara.o
       390          0          0          0          0       1627   wm__updatechildpositions.o
        80          0          0          0          0        991   wm_bringtobottom.o
       144          6          0          0          0       2552   wm_bringtotop.o
        54          0          0          0          0       1491   wm_checkscrollpos.o
        84          8          0          0          0       1191   wm_criticalhandle.o
        28          0          0          0          0        925   wm_foreachdesc.o
        28          0          0          0          0        592   wm_getbkcolor.o
        88          8          0          0          0       1472   wm_getclientrect.o
        12          4          0          0          0        478   wm_getdesktopwindow.o
       106          0          0          0          0       1647   wm_getdialogitem.o
        28          0          0          0          0        555   wm_getfirstchild.o
        28          0          0          0          0        562   wm_getflags.o
        20          0          0          0          0        531   wm_getid.o
        46          6          0          0          0       1400   wm_getinsiderect.o
       190          0          0          0          0       1258   wm_getinsiderectexscrollbar.o
        28          0          0          0          0        539   wm_getparent.o
        28          0          0          0          0       1078   wm_getscrollbar.o
        42          0          0          0          0        602   wm_getscrollpartner.o
        22          0          0          0          0        900   wm_getscrollstate.o
        40          0          0          0          0       1029   wm_getwindowrect.o
        24          4          0          0          0        541   wm_hascaptured.o
        56          0          0          0          0        912   wm_hide.o
        32          0          0          0          0        598   wm_isfocussable.o
        40          0          0          0          0        915   wm_isvisible.o
        24          0          0          0          0        542   wm_iswindow.o
       196          0          0          0          0       2169   wm_move.o
        22          0          0          0          0        590   wm_notifyparent.o
        64          6          0          0          0        667   wm_onkey.o
       242          0          0          0          0       1238   wm_resizewindow.o
       176          4          0          0          0       2386   wm_screen2win.o
        24          0          0          0          0        591   wm_sendmessagenopara.o
        40          0          0          0          0        634   wm_sendtoparent.o
       104         16          0          0          0       1520   wm_setcapture.o
       176          4          0          0          0        726   wm_setfocus.o
       158          0          0          0          0       3106   wm_setscrollbar.o
        28          0          0          0          0        920   wm_setscrollstate.o
       154          8          0          0          0       2023   wm_settrans.o
        98          0          0          0          0        971   wm_settransstate.o
        32          6          0          0          0        897   wm_setusercliprect.o
        74          0          0          0          0        938   wm_setxsize.o
        74          0          0          0          0        938   wm_setysize.o
        96          0          0          0          0       1551   wm_show.o
       554         22          0         16          0       5642   wmtouch.o

    ----------------------------------------------------------------------
     39960       1432      10460        388      13628     475385   Library Totals
       100          0          0          8          0          0   (incl. Padding)

    ----------------------------------------------------------------------

      Code (inc. data)   RO Data    RW Data    ZI Data      Debug   Library Name

      2846        102          0          0          0       1364   mc_w.l
      1296          0          0          0          0       1056   mf_w.l
     35718       1330      10460        380      13628     472965   uCGUI.lib

    ----------------------------------------------------------------------
     39960       1432      10460        388      13628     475385   Library Totals

    ----------------------------------------------------------------------

==============================================================================


      Code (inc. data)   RO Data    RW Data    ZI Data      Debug   

     65616       2818      11292        616      30800    1427986   Grand Totals
     65616       2818      11292        140      30800    1427986   ELF Image Totals (compressed)
     65616       2818      11292        140          0          0   ROM Totals

==============================================================================

    Total RO  Size (Code + RO Data)                76908 (  75.11kB)
    Total RW  Size (RW Data + ZI Data)             31416 (  30.68kB)
    Total ROM Size (Code + RO Data + RW Data)      77048 (  75.24kB)

==============================================================================

